The backbone torsional angle for nucleic acid 

 
Note: alpha:   O3'(i-1)-P-O5'-C5'
      beta:    P-O5'-C5'-C4'
      gamma:   O5'-C5'-C4'-C3'
      delta:   C5'-C4'-C3'-O3'
      epsilon: C4'-C3'-O3'-P(i+1)
      zeta:    C3'-O3'-P(i+1)-O5'(i+1)

      chi for pyrimidines(Y): O4'-C1'-N1-C2
          chi for purines(R): O4'-C1'-N9-C4

    (The number -9999.99 means that the angle can not be calculated) 

Ch Res  Num    alpha    beta     gamma    delta  epsilon    zeta     chi
A   G   68  -9999.99 -9999.99    74.52    84.29  -157.52   -57.36  -170.98
A   G   69    -78.95  -155.64    33.50    81.32  -138.96   -77.53  -150.89
A   C   70    -84.06   153.61    75.28    81.19  -156.97   -66.68  -168.00
A   C   71    -66.39  -170.17    49.62    88.68  -134.71   -63.52  -158.20
A   G   72    -74.34   158.17    61.03    82.26  -179.77   -97.41  -161.45
A   A   73    -98.46   109.11   145.82    89.52  -117.88   -46.77   166.86
A   U   74    -66.01  -175.60    37.57    79.18  -144.27   -59.80  -166.53
A   G   75    -73.49   158.15    71.68    80.58  -127.92   -61.35  -173.73
A   G   76    -95.22   139.88   101.32    83.47  -157.17   -61.22   173.36
A   U   77    -94.59  -163.90    66.97    86.23  -150.71   -62.75  -161.68
A   A   78    -95.31   157.61    94.76    79.90  -144.70   -49.74   177.26
A   G   79    -80.76  -178.45    52.02    82.72  -135.38   -83.38  -167.87
A   U   80    -75.89   154.53    71.21    86.48  -164.33   -69.43  -166.20
A   G   81    -69.30   168.60    75.18    81.01  -147.66   -73.41  -171.83
A   U   82    -65.85   160.45    64.56    85.31  -150.05   -77.73  -166.19
A   G   83    -72.80   157.10    75.18    79.26  -145.78   -73.75  -171.93
A   G   84    -73.73   155.95    75.42    81.20  -156.97   -68.41  -171.96
A   G   85    -67.12   162.78    75.54    82.31  -150.49   -45.09   179.87
A   G   86    -84.92  -170.50    43.65    83.78  -153.14   -77.40  -146.09
A   U   87    168.54   154.45    70.73    87.26  -157.63   -66.10  -114.07
A   C   88    -95.54  -150.24    16.08   147.28   -80.81  -176.09  -156.45
A   U   89    -25.35  -150.05  -131.66    85.07  -175.40    87.04  -123.84
A   C   90    -95.22   161.91    35.88    93.90  -168.02   -74.42  -142.12
A   C   91    -83.56   172.41    75.25    80.26  -160.17   -75.86  -164.24
A   C   92    -73.79   164.30    75.38    81.15  -150.60   -81.66  -167.93
A   C   93    -54.74   155.28    70.14    84.35  -141.55   -74.08  -170.73
A   A   94    -57.43   156.02    57.91    80.52  -156.97   -73.42  -165.86
A   U   95    -75.34   165.96    63.20    79.85  -159.88   -79.41  -153.36
A   G   96    -56.69   154.67    75.47    79.49  -134.07   -73.14  -176.35
A   C   97    -73.94   153.70    68.71    81.38  -135.05   -57.04  -171.98
A   G   98    -65.96   170.71    44.19    79.71  -154.70   -85.55  -160.37
A   A   99    -96.58    57.16   174.34    99.45   -94.58   -56.46   170.19
A   G  100    -95.92   127.50   107.82    78.26  -134.27   -63.61   173.61
A   A  101    -76.94   176.98    54.12    89.05  -141.73   -63.95  -164.31
A   G  102    -95.49   147.59    96.44    79.06  -153.22   -57.72   176.73
A   U  103    -78.56  -156.84    43.73    84.23  -141.44   -72.37  -166.70
A   A  104    -54.82   156.47    61.19    83.99  -128.53   -57.82  -169.15
A   G  105    -79.08   153.87    73.30    82.00  -159.13   -62.76  -166.35
A   G  106    -67.69  -159.28    34.60    82.89  -135.11   -76.76  -153.59
A   C  107    -81.51   152.71    74.73    82.40  -151.49   -75.17  -169.48
A   C  108    -86.15  -172.48    62.47    87.02 -9999.99 -9999.99  -159.99
