BEGIN_base-pair
    12_30, A:    79 G-C    97 A: +/+ cis         XIX
    13_29, A:    80 U-G    96 A: W/W cis         XXVIII
    14_28, A:    81 G-U    95 A: W/W cis         XXVIII
    15_27, A:    82 U-A    94 A: -/- cis         XX
12_30_13_29_14_28_15_27_0,  select this line to see above pattern
0_0, ------
     4_38, A:    71 C-G   105 A: +/+ cis         XIX
     5_37, A:    72 G-A   104 A: S/H tran        XI
     6_36, A:    73 A-U   103 A: H/W tran        XXIV
     7_35, A:    74 U-G   102 A: H/W tran        n/a
     9_33, A:    76 G-G   100 A: W/H tran        VII
    10_32, A:    77 U-A    99 A: W/H tran        XXIV
    11_31, A:    78 A-G    98 A: H/S tran        XI
    12_30, A:    79 G-C    97 A: +/+ cis         XIX
4_38_5_37_6_36_7_35_9_33_10_32_11_31_12_30_0,  select this line to see above pattern
0_0, ------
END_base-pair
