    1    1   41 0   1| A:..68_:[..G]G----C[..C]:.108_:A  0.47  0.04  3.53  8.84 -0.94
    2    2   40 0   2| A:..69_:[..G]G----C[..C]:.107_:A  1.00  0.12  2.03  8.68 -0.27
    3    3   39 0   3| A:..70_:[..C]C----G[..G]:.106_:A  0.86  0.22  3.12  8.77 -0.20
    4    4   38 0   4| A:..71_:[..C]C----G[..G]:.105_:A  0.44  0.28  7.65  8.79 -0.50
    5    5   37 0   5| A:..72_:[..G]G-*--A[..A]:.104_:A  7.95  0.19  4.29  8.65  8.33
    6    6   36 0   6| A:..73_:[..A]A-**-U[..U]:.103_:A  3.69  0.02 10.58  7.32  3.73
    7    7   35 0   7| A:..74_:[..U]U-**-G[..G]:.102_:A  4.34  0.43  9.37  9.98  5.19
    8    8   34 0   8| A:..75_:[..G]G-*--A[..A]:.101_:A  2.97  0.09  2.41 11.24  3.15
    9    9   33 0   9| A:..76_:[..G]G-**-G[..G]:.100_:A  4.54  0.31  2.74 10.01  5.17
   10   10   32 0  10| A:..77_:[..U]U-**-A[..A]:..99_:A  4.35  0.48  7.15  7.49  5.31
   11   11   31 0  11| A:..78_:[..A]A-*--G[..G]:..98_:A  8.03  0.15  3.29  8.23  8.32
   12   12   30 0  12| A:..79_:[..G]G----C[..C]:..97_:A  0.97  0.25  7.15  8.66 -0.03
   13   13   29 0  13| A:..80_:[..U]U-*--G[..G]:..96_:A  1.64  0.45  8.34  8.90  2.54
   14   14   28 0  14| A:..81_:[..G]G-*--U[..U]:..95_:A  1.70  1.08 13.85  8.55  3.86
   15   15   27 0  15| A:..82_:[..U]U----A[..A]:..94_:A  0.26  0.08  6.70  8.74 -1.08
   16   16   26 0  16| A:..83_:[..G]G----C[..C]:..93_:A  1.23  0.89 17.47  8.53  1.51
   17   17   25 0  17| A:..84_:[..G]G----C[..C]:..92_:A  0.44  0.07  9.97  8.85 -0.93
   18   18   24 0  18| A:..85_:[..G]G----C[..C]:..91_:A  1.08  0.05  8.66  8.65 -0.33
   19   19   23 9  19| A:..86_:[..G]G-*--C[..C]:..90_:A  2.64  1.20 12.21  9.19  5.03
##### Base-pair criteria used:   3.40 26.00  2.50 65.00  5.40  8.00
##### 10 non-Watson-Crick base-pairs, and 1 helix. 
##### Helix #1: 1 - 19
 (0 isolated bps)
