The backbone torsional angle for nucleic acid 

 
Note: alpha:   O3'(i-1)-P-O5'-C5'
      beta:    P-O5'-C5'-C4'
      gamma:   O5'-C5'-C4'-C3'
      delta:   C5'-C4'-C3'-O3'
      epsilon: C4'-C3'-O3'-P(i+1)
      zeta:    C3'-O3'-P(i+1)-O5'(i+1)

      chi for pyrimidines(Y): O4'-C1'-N1-C2
          chi for purines(R): O4'-C1'-N9-C4

    (The number -9999.99 means that the angle can not be calculated) 

Ch Res  Num    alpha    beta     gamma    delta  epsilon    zeta     chi
A   G    1  -9999.99 -9999.99  -168.48    75.10  -159.09   -72.75  -171.83
A   G    2    -65.89   165.01    73.31    87.53  -157.35   -62.63  -169.85
A   C    3    -73.62   168.67    71.88    82.08  -163.08   -48.06  -164.24
A   G    4    -82.36   173.26    64.65    86.04  -163.65   -62.43  -155.68
A   G    5    -83.26   169.67    69.05    80.99  -159.94   -61.93  -149.51
A   U    6    -86.27   168.09    63.05    70.68  -154.39   -72.75  -152.85
A   G    7    176.45  -179.89    49.34    90.45  -142.66   -56.32  -161.77
A   A    8    -90.06   169.49    67.52    80.41  -166.28   -59.01  -167.23
A   A    9    147.76  -164.71  -168.85   100.39  -147.56   -60.56  -171.04
A   A   10    -85.07   169.13    66.54    88.44  -156.61   -61.12  -164.45
A   U   11    -77.46   176.31    63.26    80.65  -152.11   -52.94  -155.33
A   G   12    -75.73   164.69    70.95    81.91  -147.01   -73.35  -157.32
A   C   13    -73.63   165.30    63.97    82.60  -154.66   -57.90  -150.63
A   C   14    -88.94   169.38    61.77    81.86 -9999.99 -9999.99  -152.56
