BEGIN_base-pair
1409_1442, A:  1431 C-G  1469 A: +/+ cis         XIX
1410_1441, A:  1432 G-A  1468 A: S/H tran        XI
1411_1440, A:  1433 A-G  1467 A: H/S tran        XI
1412_1440, A:  1434 A-G  1467 A: H/S tran        XI
1413_1439, A:  1435 G-C  1466 A: +/+ cis         XIX
1413_1439,-
1409_1442_1410_1441_1411_1440_1412_1440_1413_1439_0, click this line to see above pattern
0_0,---------
1280_1311, A:  1303 C-G  1334 A: +/+ cis         XIX
1281_1310, A:  1304 G-A  1333 A: S/H tran        XI
1282_1309, A:  1305 G-A  1332 A: S/H tran        XI
1283_1308, A:  1306 A-G  1331 A: H/S tran        XI
1284_1307, A:  1307 U-U  1330 A: W/W cis         XVI
1285_1306, A:  1308 U-A  1329 A: -/- cis         XX
1285_1306,-
1280_1311_1281_1310_1282_1309_1283_1308_1284_1307_1285_1306_0, click this line to see above pattern
0_0,---------
  662_686, A:   683 G-C   707 A: +/+ cis         XIX
  663_685, A:   684 A-A   706 A: W/W cis         n/a
  664_684, A:   685 G-U   705 A: S/H tran        n/a
  665_683, A:   686 U-A   704 A: W/H tran        XXIV
  666_679, A:   687 A-G   700 A: S/S tran        n/a
  666_682, A:   687 A-G   703 A: H/S tran        XI
  667_678, A:   688 G-C   699 A: +/+ cis         XIX
  667_678,-
662_686_663_685_664_684_665_683_666_679_666_682_667_678_0, click this line to see above pattern
0_0,---------
  758_782, A:   779 C-G   803 A: +/+ cis         XIX
  759_781, A:   780 A-A   802 A: S/H tran        n/a
  760_780, A:   781 A-U   801 A: H/W tran        XXIV
  761_779, A:   782 A-G   800 A: H/S tran        XI
  762_778, A:   783 C-G   799 A: +/+ cis         XIX
  762_778,-
758_782_759_781_760_780_761_779_762_778_0, click this line to see above pattern
0_0,---------
   15_889, A:    19 C-G   916 A: +/+ cis         XIX
   17_887, A:    21 G-A   914 A: S/H tran        XI
   18_886, A:    22 G-A   913 A: S/S tran        n/a
   22_537, A:    26 A-G   558 A: H/S tran        XI
   23_535, A:    27 G-C   556 A: +/+ cis         XIX
   23_535,-
15_889_17_887_18_886_22_537_23_535_0, click this line to see above pattern
0_0,---------
  985_992, A:  1011 G-C  1018 A: +/+ cis         XIX
  986_991, A:  1012 U-G  1017 A: W/W cis         XXVIII
  987_990, A:  1013 G-A  1016 A: S/H tran        XI
  996_997, A:  1022 G-G  1023 A: S/H cis         n/a
1000_1014, A:  1026 G-G  1036 A: W/W cis         n/a
1001_1012, A:  1027 C-G  1034 A: +/+ cis         XIX
1001_1012,-
985_992_986_991_987_990_996_997_1000_1014_1001_1012_0, click this line to see above pattern
0_0,---------
1394_1457, A:  1416 G-C  1484 A: +/+ cis         XIX
1395_1456, A:  1417 G-A  1483 A: S/H tran        XI
1396_1455, A:  1418 A-G  1482 A: H/S tran        XI
1397_1454, A:  1419 G-U  1481 A: W/W cis         XXVIII
1398_1453, A:  1420 C-G  1480 A: +/+ cis         XIX
1398_1453,-
1394_1457_1395_1456_1396_1455_1397_1454_1398_1453_0, click this line to see above pattern
0_0,---------
  558_741, A:   579 G-C   762 A: +/+ cis         XIX
  559_740, A:   580 U-G   761 A: W/W cis         XXVIII
  561_738, A:   582 U-A   759 A: W/H tran        XXIV
  562_737, A:   583 A-G   758 A: H/S tran        XI
  563_736, A:   584 G-U   757 A: W/W cis         XXVIII
  564_735, A:   585 G-C   756 A: +/+ cis         XIX
  564_735,-
558_741_559_740_561_738_562_737_563_736_564_735_0, click this line to see above pattern
0_0,---------
  583_613, A:   604 G-C   634 A: +/+ cis         XIX
  584_612, A:   605 U-G   633 A: W/W cis         XXVIII
  585_611, A:   606 G-A   632 A: S/H tran        XI
  590_608, A:   611 A-G   629 A: W/W cis         VIII
  591_607, A:   612 C-G   628 A: +/+ cis         XIX
  591_607,-
583_613_584_612_585_611_590_608_591_607_0, click this line to see above pattern
0_0,---------
  596_602, A:   617 G-C   623 A: +/+ cis         XIX
  597_601, A:   618 C-A   622 A: W/H tran        XXV
  631_732, A:   652 U-A   753 A: W/H tran        XXIV
  633_731, A:   654 G-G   752 A: H/S tran        n/a
  633_733, A:   654 G-C   754 A: +/+ cis      syn  XIX
  633_733,-
596_602_597_601_631_732_633_731_633_733_0, click this line to see above pattern
0_0,---------
  494_515, A:   515 G-C   536 A: +/+ cis         XIX
  495_498, A:   516 U-C   519 A: S/W cis         n/a
  495_512, A:   516 U-A   533 A: W/H tran        XXIV
  499_508, A:   520 A-G   529 A: H/S tran        XI
  500_507, A:   521 G-C   528 A: +/+ cis         XIX
  500_507,-
494_515_495_498_495_512_499_508_500_507_0, click this line to see above pattern
0_0,---------
  410_415, A:   419 C-G   424 A: +/+ cis         XIX
  411_414, A:   420 U-G   423 A: S/W tran     syn  n/a
  420_422, A:   429 U-A   431 A: W/H cis    syn    XXIII
  428_475, A:   437 U-A   496 A: W/H tran        XXIV
  429_476, A:   438 G-A   497 A: S/H tran        XI
  430_474, A:   439 A-U   495 A: H/W tran        XXIV
  431_473, A:   440 A-G   494 A: H/S tran        XI
  432_472, A:   442 C-G   492 A: +/+ cis         XIX
  432_472,-
410_415_411_414_420_422_428_475_429_476_430_474_431_473_432_472_0, click this line to see above pattern
0_0,---------
1291_1300, A:  1314 C-G  1323 A: +/+ cis         XIX
1292_1296, A:  1315 U-A  1319 A: W/H tran        XXIV
1296_1338, A:  1319 A-G  1361 A: W/S tran        X
1322_1354, A:  1345 U-U  1376 A: W/W tran   syn    XII,XIII
1323_1353, A:  1346 A-A  1375 A: H/H tran        II
1325_1352, A:  1348 U-A  1374 A: W/H tran        XXIV
1326_1351, A:  1349 A-G  1373 A: H/S tran        XI
1327_1350, A:  1350 A-U  1372 A: -/- cis         XX
1327_1350,-
1291_1300_1292_1296_1296_1338_1322_1354_1323_1353_1325_1352_1326_1351_1327_1350_0, click this line to see above pattern
0_0,---------
  440_463, A:   450 G-C   483 A: +/+ cis         XIX
  440_464, A:   450 G-G   484 A: W/W tran        III
  442_460, A:   452 A-U   480 A: H/W tran   syn    XXIV
  443_459, A:   453 A-C   479 A: H/W tran        XXV
  444_458, A:   454 C-A   478 A: H/W tran        XXV
  445_457, A:   455 C-G   477 A: +/+ cis         XIX
  445_457,-
440_463_440_464_442_460_443_459_444_458_445_457_0, click this line to see above pattern
0_0,---------
  138_164, A:   148 G-C   174 A: +/+ cis         XIX
  139_162, A:   149 A-A   172 A: W/H tran        V
  140_161, A:   150 C-A   171 A: W/H tran        XXV
  141_160, A:   151 A-U   170 A: H/W tran        XXIV
  142_159, A:   152 A-C   169 A: H/W tran        XXV
  143_158, A:   153 C-G   168 A: +/+ cis         XIX
  143_158,-
138_164_139_162_140_161_141_160_142_159_143_158_0, click this line to see above pattern
0_0,---------
  640_723, A:   661 G-C   744 A: +/+ cis         XIX
  641_722, A:   662 G-U   743 A: W/W cis         XXVIII
  642_721, A:   663 A-G   742 A: W/W cis         VIII
  643_720, A:   664 G-G   741 A: W/W cis         n/a
  644_703, A:   665 A-G   724 A: H/W cis         IX
  645_719, A:   666 G-U   740 A: W/W cis         XXVIII
  646_718, A:   667 G-C   739 A: +/+ cis         XIX
  646_718,-
640_723_641_722_642_721_643_720_644_703_645_719_646_718_0, click this line to see above pattern
0_0,---------
  652_696, A:   673 G-C   717 A: +/+ cis         XIX
  653_695, A:   674 G-A   716 A: W/W cis         VIII
  654_694, A:   675 A-A   715 A: W/W cis         n/a
  655_693, A:   676 A-G   714 A: W/W cis         VIII
  656_692, A:   677 U-G   713 A: W/W cis         XXVIII
  657_691, A:   678 U-A   712 A: -/- cis         XX
  657_691,-
652_696_653_695_654_694_655_693_656_692_657_691_0, click this line to see above pattern
0_0,---------
     7_19, A:    11 G-C    23 A: +/+ cis         XIX
     8_18, A:    12 U-G    22 A: W/W cis         XXVIII
     9_16, A:    13 U-U    20 A: H/W tran        n/a
    9_888, A:    13 U-A   915 A: W/H cis         XXIII
   11_893, A:    15 G-U   920 A: W/W cis         XXVIII
   12_892, A:    16 A-A   919 A: W/W cis         n/a
   13_891, A:    17 U-A   918 A: -/- cis         XX
   13_891,-
7_19_8_18_9_16_9_888_11_893_12_892_13_891_0, click this line to see above pattern
0_0,---------
  668_677, A:   689 C-G   698 A: +/+ cis         XIX
  669_676, A:   690 G-U   697 A: S/H tran        n/a
  670_675, A:   691 G-A   696 A: S/H tran        XI
  701_712, A:   722 A-A   733 A: W/W tran   syn    I
  704_711, A:   725 G-C   732 A: +/+ cis         XIX
  704_711,-
668_677_669_676_670_675_701_712_704_711_0, click this line to see above pattern
0_0,---------
    74_80, A:    80 G-C    89 A: +/+ cis         XIX
   91_141, A:   102 G-A   151 A: s/S cis         n/a
   98_315, A:   109 A-G   324 A: H/S tran   syn    XI
  100_322, A:   111 G-G   331 A: W/W tran        III
  101_306, A:   112 G-A   315 A: W/W cis         VIII
  102_305, A:   113 G-C   314 A: +/+ cis         XIX
  102_305,-
74_80_91_141_98_315_100_322_101_306_102_305_0, click this line to see above pattern
0_0,---------
1003_1011, A:  1029 C-G  1033 A: +/+ cis         XIX
1005_1009, A:  1030 G-G  1031 A: S/W cis         n/a
1024_1188, A:  1046 A-U  1211 A: H/S tran        n/a
1024_1190, A:  1046 A-A  1213 A: W/W tran        I
1025_1187, A:  1047 G-C  1210 A: +/+ cis         XIX
1025_1187,-
1003_1011_1005_1009_1024_1188_1024_1190_1025_1187_0, click this line to see above pattern
0_0,---------
  448_454, A:   458 C-G   474 A: +/+ cis         XIX
  449_452, A:   459 G-G   462 A: S/H tran        n/a
  449_453, A:   459 G-A   463 A: S/H tran        XI
  465_466, A:   485 G-U   486 A: S/H cis         n/a
  477_526, A:   498 U-A   547 A: W/H tran        XXIV
  479_524, A:   500 G-C   545 A: +/+ cis         XIX
  479_524,-
448_454_449_452_449_453_465_466_477_526_479_524_0, click this line to see above pattern
0_0,---------
  860_883, A:   887 G-C   910 A: +/+ cis         XIX
  861_882, A:   888 G-A   909 A: S/H tran        XI
  862_881, A:   889 A-A   908 A: H/H tran        II
  863_864, A:   890 G-U   891 A: S/H cis         n/a
  864_880, A:   891 U-A   907 A: W/H tran        XXIV
  865_879, A:   892 A-G   906 A: H/S tran        XI
  867_878, A:   894 G-U   905 A: W/W cis         XXVIII
  868_877, A:   895 G-C   904 A: +/+ cis         XIX
  868_877,-
860_883_861_882_862_881_863_864_864_880_865_879_867_878_868_877_0, click this line to see above pattern
0_0,---------
  148_153, A:   158 G-C   163 A: +/+ cis         XIX
  149_152, A:   159 G-A   162 A: S/H tran        XI
  150_338, A:   160 A-G   347 A: W/S tran        X
  163_200, A:   173 U-G   198 A: H/S cis         n/a
  169_198, A:   179 A-A   196 A: W/H tran        V
  170_197, A:   180 U-A   195 A: W/H tran        XXIV
  171_172, A:   181 G-U   182 A: S/H cis         n/a
  172_214, A:   182 U-U   223 A: W/S tran        n/a
  173_196, A:   183 G-C   194 A: +/+ cis         XIX
  173_196,-
148_153_149_152_150_338_163_200_169_198_170_197_171_172_172_214_173_196_0, click this line to see above pattern
0_0,---------
   43_352, A:    47 C-G   361 A: +/+ cis         XIX
   45_353, A:    49 U-G   362 A: W/S cis         n/a
   45_356, A:    49 U-U   365 A: H/W tran     syn  n/a
   47_103, A:    51 A-U   114 A: H/S cis         n/a
   48_350, A:    52 G-U   359 A: W/W cis         XXVIII
   49_349, A:    53 A-U   358 A: -/- cis         XX
   49_349,-
43_352_45_353_45_356_47_103_48_350_49_349_0, click this line to see above pattern
0_0,---------
1054_1059, A:  1076 C-G  1081 A: +/+ cis         XIX
1055_1058, A:  1077 G-A  1080 A: W/H tran        n/a
1062_1080, A:  1084 G-A  1102 A: S/H cis         n/a
1064_1077, A:  1086 U-G  1099 A: W/W cis         XXVIII
1065_1076, A:  1087 G-C  1098 A: +/+ cis         XIX
1065_1076,-
1054_1059_1055_1058_1062_1080_1064_1077_1065_1076_0, click this line to see above pattern
0_0,---------
  400_424, A:   409 G-C   433 A: +/+ cis         XIX
  401_423, A:   410 G-A   432 A: S/H tran        XI
  402_421, A:   411 A-A   430 A: W/H tran   syn    V
  404_419, A:   413 G-G   428 A: S/S tran        IV
  405_421, A:   414 A-A   430 A: H/W tran        V
  407_418, A:   416 G-U   427 A: W/W cis         XXVIII
  408_417, A:   417 C-G   426 A: +/+ cis         XIX
  408_417,-
400_424_401_423_402_421_404_419_405_421_407_418_408_417_0, click this line to see above pattern
0_0,---------
1143_1148, A:  1165 C-G  1171 A: +/+ cis         XIX
1144_1147, A:  1166 G-A  1169 A: S/H tran        XI
1154_1158, A:  1177 G-G  1181 A: W/H tran     syn  VII
1177_1182, A:  1200 C-U  1205 A: S/W tran        n/a
1201_1340, A:  1224 G-C  1362 A: W/W cis         n/a
1214_1314, A:  1237 C-G  1337 A: +/+ cis      syn  XIX
1214_1314,-
1143_1148_1144_1147_1154_1158_1177_1182_1201_1340_1214_1314_0, click this line to see above pattern
0_0,---------
1029_1184, A:  1051 C-G  1207 A: +/+ cis         XIX
1030_1183, A:  1052 U-G  1206 A: W/W cis         XXVIII
1031_1035, A:  1053 G-G  1057 A: W/H cis         VI
1033_1177, A:  1055 A-C  1200 A: H/W tran        XXV
1033_1182, A:  1055 A-U  1205 A: W/W cis         n/a
1034_1181, A:  1056 U-A  1204 A: -/- cis         XX
1034_1181,-
1029_1184_1030_1183_1031_1035_1033_1177_1033_1182_1034_1181_0, click this line to see above pattern
0_0,---------
  311_324, A:   320 C-G   333 A: +/+ cis         XIX
  312_323, A:   321 A-G   332 A: W/W cis         VIII
  313_320, A:   322 C-A   329 A: W/H tran        XXV
  314_318, A:   323 U-A   327 A: W/H tran     syn  XXIV
  329_342, A:   338 A-G   351 A: W/W cis         VIII
  330_341, A:   339 C-G   350 A: +/+ cis         XIX
  330_341,-
311_324_312_323_313_320_314_318_329_342_330_341_0, click this line to see above pattern
0_0,---------
  233_275, A:   242 C-G   284 A: +/+ cis         XIX
  234_273, A:   243 A-A   282 A: W/H tran        V
  235_866, A:   244 U-C   893 A: W/W cis         XVIII
  236_274, A:   245 C-C   283 A: W/W cis         n/a
  237_272, A:   246 A-G   281 A: H/S tran        XI
  238_268, A:   247 G-C   277 A: +/+ cis         XIX
  238_268,-
233_275_234_273_235_866_236_274_237_272_238_268_0, click this line to see above pattern
0_0,---------
1390_1461, A:  1412 C-G  1488 A: +/+ cis         XIX
1391_1460, A:  1413 A-G  1487 A: W/W cis         VIII
1392_1459, A:  1414 U-G  1486 A: W/W cis         XXVIII
1393_1458, A:  1415 G-U  1485 A: W/W cis         XXVIII
1394_1457, A:  1416 G-C  1484 A: +/+ cis         XIX
1394_1457,-
1390_1461_1391_1460_1392_1459_1393_1458_1394_1457_0, click this line to see above pattern
0_0,---------
    63_91, A:    67 C-G   102 A: +/+ cis         XIX
    64_90, A:    68 G-A   101 A: W/W cis         VIII
   64_142, A:    68 G-A   152 A: S/S tran        n/a
    65_89, A:    69 G-C    99 A: +/+ cis         XIX
    65_89,-
63_91_64_90_64_142_65_89_0, click this line to see above pattern
0_0,---------
  239_267, A:   248 C-G   276 A: +/+ cis         XIX
  240_266, A:   249 U-G   275 A: W/W cis         XXVIII
  242_245, A:   251 G-G   254 A: W/H cis         VI
  243_265, A:   252 U-A   274 A: -/- cis         XX
  243_265,-
239_267_240_266_242_245_243_265_0, click this line to see above pattern
0_0,---------
  817_821, A:   838 G-C   848 A: +/+ cis         XIX
  833_842, A:   860 A-G   869 A: H/S tran        XI
  833_845, A:   860 A-A   872 A: W/H tran     syn  V
  834_841, A:   861 G-C   868 A: +/+ cis         XIX
  834_841,-
817_821_833_842_833_845_834_841_0, click this line to see above pattern
0_0,---------
  835_840, A:   862 C-G   867 A: +/+ cis         XIX
  836_839, A:   863 U-C   866 A: S/H tran        n/a
  837_890, A:   864 A-G   917 A: S/S tran        n/a
  858_885, A:   885 G-C   912 A: +/+ cis         XIX
  858_885,-
835_840_836_839_837_890_858_885_0, click this line to see above pattern
0_0,---------
1041_1170, A:  1063 C-G  1193 A: +/+ cis         XIX
1042_1167, A:  1064 G-G  1190 A: S/S tran        IV
1044_1168, A:  1066 C-A  1191 A: W/H tran        XXV
1046_1085, A:  1068 G-C  1107 A: +/+ cis         XIX
1046_1085,-
1041_1170_1042_1167_1044_1168_1046_1085_0, click this line to see above pattern
0_0,---------
1051_1080, A:  1073 U-A  1102 A: -/- cis         XX
1052_1061, A:  1074 G-U  1083 A: W/W cis         XXVIII
1052_1079, A:  1074 G-A  1101 A: S/S tran        n/a
1053_1060, A:  1075 C-G  1082 A: +/+ cis         XIX
1053_1060,-
1051_1080_1052_1061_1052_1079_1053_1060_0, click this line to see above pattern
0_0,---------
1067_1074, A:  1089 G-C  1096 A: +/+ cis         XIX
1067_1147, A:  1089 G-A  1169 A: S/S tran        n/a
1068_1073, A:  1090 U-U  1095 A: W/W cis         XVI
1091_1164, A:  1113 C-G  1187 A: +/+ cis         XIX
1091_1164,-
1067_1074_1067_1147_1068_1073_1091_1164_0, click this line to see above pattern
0_0,---------
 963_1192, A:   990 C-G  1215 A: +/+ cis         XIX
 964_1190, A:   991 U-A  1213 A: W/H tran        XXIV
 965_1022, A:   992 U-A  1044 A: W/H tran        XXIV
 966_1023, A:   993 G-C  1045 A: +/+ cis    syn    XIX
 966_1023,-
963_1192_964_1190_965_1022_966_1023_0, click this line to see above pattern
0_0,---------
1333_1344, A:  1356 G-C  1366 A: +/+ cis         XIX
1334_1343, A:  1357 A-G  1365 A: W/W cis         VIII
1335_1341, A:  1358 U-A  1363 A: W/W tran        XXI
1377_1477, A:  1399 C-G  1504 A: +/+ cis      syn  XIX
1377_1477,-
1333_1344_1334_1343_1335_1341_1377_1477_0, click this line to see above pattern
0_0,---------
1379_1474, A:  1401 G-C  1501 A: +/+ cis         XIX
1380_1473, A:  1402 C-A  1500 A: W/W cis         n/a
1381_1472, A:  1403 C-A  1499 A: S/W cis         n/a
1382_1470, A:  1404 C-G  1497 A: +/+ cis         XIX
1382_1470,-
1379_1474_1380_1473_1381_1472_1382_1470_0, click this line to see above pattern
0_0,---------
1425_1430, A:  1449 C-G  1454 A: +/+ cis         XIX
1426_1429, A:  1450 U-G  1453 A: S/W tran     syn  n/a
1475_1478, A:  1502 A-G  1505 A: W/W cis      syn  VIII
1480_1501, A:  1507 A-U  1528 A: -/- cis         XX
1480_1501,-
1425_1430_1426_1429_1475_1478_1480_1501_0, click this line to see above pattern
0_0,---------
1214_1314, A:  1237 C-G  1337 A: +/+ cis      syn  XIX
1215_1218, A:  1238 A-G  1241 A: S/s cis         n/a
1215_1278, A:  1238 A-U  1301 A: H/W tran        XXIV
1216_1276, A:  1239 A-A  1299 A: H/H tran     syn  II
1218_1273, A:  1241 G-C  1296 A: +/+ cis         XIX
1218_1273,-
1214_1314_1215_1218_1215_1278_1216_1276_1218_1273_0, click this line to see above pattern
0_0,---------
 897_1370, A:   924 C-G  1392 A: +/+ cis         XIX
 898_1369, A:   925 G-U  1391 A: W/W cis         XXVIII
 900_1368, A:   927 G-U  1390 A: W/W cis         XXVIII
 901_1367, A:   928 G-C  1389 A: +/+ cis         XIX
 901_1367,-
897_1370_898_1369_900_1368_901_1367_0, click this line to see above pattern
0_0,---------
 916_1317, A:   943 U-A  1340 A: -/- cis         XX
 917_1316, A:   944 G-A  1339 A: S/H tran        XI
 918_1213, A:   945 G-A  1236 A: W/W cis         VIII
 919_1212, A:   946 A-U  1235 A: -/- cis         XX
 919_1212,-
916_1317_917_1316_918_1213_919_1212_0, click this line to see above pattern
0_0,---------
 922_1209, A:   949 A-U  1232 A: -/- cis         XX
 923_1208, A:   950 U-G  1231 A: W/W cis         XXVIII
  924_943, A:   951 G-C   970 A: S/s cis         n/a
 924_1207, A:   951 G-C  1230 A: +/+ cis         XIX
 924_1207,-
922_1209_923_1208_924_943_924_1207_0, click this line to see above pattern
0_0,---------
  936_945, A:   963 G-C   972 A: +/+ cis         XIX
 951_1293, A:   978 A-G  1316 A: W/S tran        X
 951_1337, A:   978 A-A  1360 A: H/W tran        V
 957_1198, A:   984 C-G  1221 A: +/+ cis         XIX
 957_1198,-
936_945_951_1293_951_1337_957_1198_0, click this line to see above pattern
0_0,---------
1102_1127, A:  1124 G-C  1149 A: +/+ cis         XIX
1104_1257, A:  1126 U-A  1280 A: S/H cis         n/a
1105_1123, A:  1127 G-C  1145 A: W/W cis         n/a
1105_1125, A:  1127 G-C  1147 A: S/W cis         n/a
1110_1120, A:  1132 C-G  1142 A: +/+ cis         XIX
1110_1120,-
1102_1127_1104_1257_1105_1123_1105_1125_1110_1120_0, click this line to see above pattern
0_0,---------
  333_338, A:   342 C-G   347 A: +/+ cis         XIX
  334_337, A:   343 U-G   346 A: S/W tran     syn  n/a
  343_347, A:   352 C-A   356 A: W/H tran        XXV
  357_385, A:   366 C-G   394 A: S/W cis         n/a
  358_384, A:   367 U-A   393 A: -/- cis         XX
  358_384,-
333_338_334_337_343_347_357_385_358_384_0, click this line to see above pattern
0_0,---------
  286_293, A:   295 C-G   302 A: +/+ cis         XIX
  287_292, A:   296 U-G   301 A: W/W cis         XXVIII
  288_291, A:   297 G-A   300 A: S/H tran        XI
  290_545, A:   299 G-G   566 A: W/H cis         VI
  291_544, A:   300 A-U   565 A: S/W cis         n/a
  307_328, A:   316 G-C   337 A: +/+ cis         XIX
  307_328,-
286_293_287_292_288_291_290_545_291_544_307_328_0, click this line to see above pattern
0_0,---------
1242_1247, A:  1265 G-C  1270 A: +/+ cis         XIX
1243_1246, A:  1266 G-A  1269 A: W/H tran        n/a
1251_1252, A:  1274 G-A  1275 A: S/H cis         n/a
1253_1259, A:  1276 G-C  1282 A: S/S cis         n/a
1266_1349, A:  1289 A-G  1371 A: S/S tran        n/a
1277_1280, A:  1300 G-C  1303 A: S/W tran        n/a
1280_1311, A:  1303 C-G  1334 A: +/+ cis         XIX
1280_1311,-
1242_1247_1243_1246_1251_1252_1253_1259_1266_1349_1277_1280_1280_1311_0, click this line to see above pattern
0_0,---------
1136_1158, A:  1158 C-G  1181 A: +/+ cis    syn syn  XIX
1138_1153, A:  1160 G-A  1176 A: W/W cis         VIII
1138_1159, A:  1160 G-G  1182 A: H/W cis         VI
1139_1152, A:  1161 C-G  1175 A: +/+ cis         XIX
1139_1152,-
1136_1158_1138_1153_1138_1159_1139_1152_0, click this line to see above pattern
0_0,---------
1112_1118, A:  1134 G-C  1140 A: +/+ cis         XIX
1113_1118, A:  1135 U-C  1140 A: W/W cis         XVIII
1117_1120, A:  1139 G-G  1142 A: W/H cis         VI
1134_1156, A:  1156 G-A  1179 A: S/W tran        X
1135_1155, A:  1157 A-G  1178 A: W/S tran        X
1136_1158, A:  1158 C-G  1181 A: +/+ cis    syn syn  XIX
1136_1158,-
1112_1118_1113_1118_1117_1120_1134_1156_1135_1155_1136_1158_0, click this line to see above pattern
0_0,---------
  805_847, A:   826 C-G   874 A: +/+ cis         XIX
  806_832, A:   827 U-A   859 A: S/W cis         n/a
  806_845, A:   827 U-A   872 A: W/W tran     syn  XXI
  807_831, A:   828 A-G   858 A: H/S tran        XI
  808_830, A:   829 G-C   857 A: +/+ cis         XIX
  808_830,-
805_847_806_832_806_845_807_831_808_830_0, click this line to see above pattern
0_0,---------
1223_1268, A:  1246 C-G  1291 A: +/+ cis         XIX
1224_1267, A:  1247 U-G  1290 A: W/W cis         XXVIII
1225_1266, A:  1248 A-A  1289 A: W/H tran        V
1226_1265, A:  1249 C-A  1288 A: W/H tran        XXV
1229_1262, A:  1252 A-A  1285 A: W/W tran        I
1230_1261, A:  1253 G-C  1284 A: +/+ cis         XIX
1230_1261,-
1223_1268_1224_1267_1225_1266_1226_1265_1229_1262_1230_1261_0, click this line to see above pattern
0_0,---------
  104_303, A:   115 G-C   312 A: +/+ cis         XIX
  105_304, A:   116 A-A   313 A: W/S tran        n/a
  108_278, A:   119 A-U   287 A: H/W tran        XXIV
  110_227, A:   121 C-G   236 A: H/H tran        n/a
  111_230, A:   122 G-U   239 A: W/W cis         XXVIII
  112_229, A:   123 C-G   238 A: +/+ cis         XIX
  112_229,-
104_303_105_304_108_278_110_227_111_230_112_229_0, click this line to see above pattern
0_0,---------
  362_381, A:   371 G-C   390 A: +/+ cis         XIX
  363_380, A:   372 C-A   389 A: W/H tran        XXV
  364_382, A:   373 A-G   391 A: W/S cis         n/a
  365_381, A:   374 A-C   390 A: W/S cis         n/a
  366_380, A:   375 U-A   389 A: -/- cis         XX
  366_380,-
362_381_363_380_364_382_365_381_366_380_0, click this line to see above pattern
0_0,---------
 909_1357, A:   936 C-G  1379 A: +/+ cis         XIX
 909_1360, A:   936 C-C  1382 A: S/W cis         n/a
 910_1356, A:   937 A-C  1378 A: S/W tran        n/a
 911_1322, A:   938 A-U  1345 A: W/W cis      syn  n/a
 912_1321, A:   939 G-C  1344 A: +/+ cis         XIX
 912_1321,-
909_1357_909_1360_910_1356_911_1322_912_1321_0, click this line to see above pattern
0_0,---------
  705_710, A:   726 C-G   731 A: +/+ cis         XIX
  706_709, A:   727 G-G   730 A: W/H tran        VII
  727_728, A:   748 C-C   749 A: S/H cis         n/a
  731_733, A:   752 G-C   754 A: S/H cis      syn  n/a
  744_795, A:   765 G-A   816 A: S/W cis         n/a
  745_792, A:   766 A-U   813 A: H/W tran        XXIV
 745_1498, A:   766 A-G  1525 A: W/S cis         n/a
 746_1484, A:   767 A-G  1511 A: S/S tran        n/a
  747_790, A:   768 A-C   811 A: W/W cis         n/a
  748_789, A:   769 G-C   810 A: +/+ cis         XIX
  748_789,-
705_710_706_709_727_728_731_733_744_795_745_792_745_1498_746_1484_747_790_748_789_0, click this line to see above pattern
0_0,---------
 928_1202, A:   955 U-A  1225 A: -/- cis         XX
  929_933, A:   956 U-U   960 A: W/W tran     syn  XII,XIII
 932_1198, A:   959 A-G  1221 A: S/S tran        n/a
 934_1178, A:   961 U-A  1201 A: W/W tran        XXI
  935_946, A:   962 C-G   973 A: +/+ cis         XIX
  935_946,-
928_1202_929_933_932_1198_934_1178_935_946_0, click this line to see above pattern
0_0,---------
   50_348, A:    54 C-G   357 A: +/+ cis         XIX
   51_348, A:    55 A-G   357 A: H/S tran        XI
   51_359, A:    55 A-U   368 A: W/W tran        XXI
   52_347, A:    56 U-A   356 A: -/- cis         XX
   52_347,-
50_348_51_348_51_359_52_347_0, click this line to see above pattern
0_0,---------
 974_1018, A:  1001 A-U  1040 A: -/- cis         XX
 977_1016, A:  1003 G-C  1038 A: W/S cis         n/a
 978_1014, A:  1004 A-G  1036 A: H/W cis         IX
  980_998, A:  1006 C-G  1024 A: W/S cis         n/a
  982_995, A:  1008 C-G  1021 A: W/W cis         n/a
  983_994, A:  1009 G-U  1020 A: W/W cis         XXVIII
  984_993, A:  1010 G-C  1019 A: +/+ cis         XIX
  984_993,-
974_1018_977_1016_978_1014_980_998_982_995_983_994_984_993_0, click this line to see above pattern
0_0,---------
  117_224, A:   128 G-C   233 A: +/+ cis         XIX
  118_223, A:   129 U-G   232 A: W/W cis         XXVIII
  119_183, A:   129 G-C   190 A: W/S tran        n/a
  121_222, A:   131 C-G   231 A: +/+ cis         XIX
  121_222,-
117_224_118_223_119_183_121_222_0, click this line to see above pattern
0_0,---------
  370_375, A:   379 C-G   384 A: +/+ cis         XIX
  371_374, A:   380 G-A   383 A: W/H tran        n/a
  382_462, A:   391 G-A   482 A: S/S tran        n/a
  388_526, A:   397 A-A   547 A: H/S cis    syn    n/a
  395_477, A:   404 U-U   498 A: W/H cis         n/a
  396_478, A:   405 U-A   499 A: W/H cis         XXIII
  397_427, A:   406 G-C   436 A: +/+ cis         XIX
  397_427,-
370_375_371_374_382_462_388_526_395_477_396_478_397_427_0, click this line to see above pattern
0_0,---------
  283_299, A:   292 G-C   308 A: +/+ cis         XIX
  283_587, A:   292 G-A   608 A: S/W tran        X
  284_295, A:   293 G-U   304 A: W/W cis         XXVIII
  285_294, A:   294 U-A   303 A: -/- cis         XX
  285_294,-
283_299_283_587_284_295_285_294_0, click this line to see above pattern
0_0,---------
  436_468, A:   446 G-C   488 A: +/+ cis         XIX
  437_467, A:   447 G-A   487 A: S/H tran        XI
  438_466, A:   448 A-U   486 A: H/W tran        XXIV
  440_463, A:   450 G-C   483 A: +/+ cis         XIX
  440_463,-
436_468_437_467_438_466_440_463_0, click this line to see above pattern
0_0,---------
  550_838, A:   571 U-A   865 A: -/- cis         XX
  551_889, A:   572 A-G   916 A: S/S cis    syn    n/a
  554_555, A:   575 G-G   576 A: S/H cis         n/a
  554_853, A:   575 G-C   880 A: +/+ cis         XIX
  554_853,-
550_838_551_889_554_555_554_853_0, click this line to see above pattern
0_0,---------
  813_825, A:   834 C-G   852 A: +/+ cis         XIX
  814_824, A:   835 U-G   851 A: W/W cis         XXVIII
  815_823, A:   836 G-U   850 A: W/W cis         XXVIII
  816_822, A:   837 G-C   849 A: +/+ cis         XIX
  816_822,-
813_825_814_824_815_823_816_822_0, click this line to see above pattern
0_0,---------
END_base-pair
