    1    1   16 0   1| A:..10_:[..G]G-*--C[..C]:..26_:A  2.49  1.70 40.81  9.03  5.90
    2    3   14 0   2| A:..12_:[..G]G-*--C[..C]:..24_:A  2.59  0.60 16.48  9.93  3.79
    3    4   13 0   3| A:..13_:[..U]U-*--G[..G]:..23_:A  1.90  1.18 27.86  9.00  4.27
    4  725   11 0   4| A:.893_:[..A]A----U[..U]:..21_:A  1.26  0.94  9.54  9.64  1.64
    5  726   10 0   5| A:.894_:[..G]G-*--C[..C]:..20_:A  3.19  0.11 11.46  9.41  3.40
    6  728    8 9   6| A:.896_:[..A]A-*--U[..U]:..18_:A  0.64  0.11 47.76  8.02  0.86
    7   18  442 0   1| A:..28_:[..G]G----C[..C]:.540_:A  1.68  1.25 14.90  9.54  2.69
    8   19  441 9   2| A:..29_:[..G]G----C[..C]:.539_:A  0.67  0.64 17.56  9.10  0.44
    9   22  439 0   1| A:..33_:[..A]A-*--A[..A]:.537_:A  2.72  2.15 25.01  9.29  7.02
   10   23  437 0   2| A:..34_:[..A]A----U[..U]:.535_:A  0.95  0.63 21.04  9.17  0.71
   11   24  436 9   3| A:..35_:[..C]C----G[..G]:.534_:A  0.61  0.33 24.73  9.14 -0.22
   12   27  433 1   1| A:..38_:[..U]U-*--A[..A]:.531_:A  2.45  1.34 58.99  8.86  5.13
   13   30  326 0   1| A:..41_:[..C]C----G[..G]:.398_:A  1.27  0.76  5.68  9.39  1.28
   14   31  325 0   2| A:..42_:[..G]G----C[..C]:.397_:A  1.44  0.42 18.69  9.16  0.77
   15   32  324 0   3| A:..43_:[..G]G----C[..C]:.396_:A  1.18  0.49 13.14  9.27  0.66
   16   33  323 0   4| A:..44_:[..C]C----G[..G]:.395_:A  0.82  0.12 14.84  9.46 -0.44
   17   34  322 9   5| A:..45_:[..G]G----C[..C]:.394_:A  0.89  0.29 10.96  9.23 -0.03
   18   36  319 0   1| A:..47_:[..G]G-*--C[..C]:.391_:A  3.71  1.30 36.65 10.39  6.32
   19  295  318 9   2| A:.362_:[..C]C-*--G[..G]:.390_:A  3.12  0.54 43.87  7.57  4.19
   20   38  288 0   1| A:..53_:[..G]G-*--U[..U]:.355_:A  2.67  0.01 29.91  9.31  2.70
   21   40  286 9   2| A:..55_:[..C]C-*--G[..G]:.353_:A  5.05  0.90 11.99  8.86  6.84
   22   43  284 0   1| A:..58_:[..G]G-*--C[..C]:.351_:A  3.34  1.27 23.04  8.45  5.87
   23   44  283 9   2| A:..59_:[..C]C----G[..G]:.350_:A  1.19  1.13  8.72  9.11  1.95
   24   46   81 1   1| A:..62_:[..G]G-*--C[..C]:.100_:A  1.93  1.59  2.61  9.13  5.11
   25   50   79 1   1| A:..66_:[..U]U-*--G[..G]:..98_:A  5.65  2.05 41.77 10.19  9.76
   26   53   76 0   1| A:..69_:[..G]G-*--A[..A]:..95_:A  2.46  1.37  9.53 10.83  5.19
   27   55   74 0   2| A:..71_:[..G]G-*--U[..U]:..93_:A  0.77  0.60  8.15  9.37  1.96
   28   56   73 0   3| A:..72_:[..C]C----G[..G]:..92_:A  1.57  0.52  7.67  9.45  1.11
   29   57   72 0   4| A:..73_:[..C]C----G[..G]:..91_:A  1.18  0.53  8.45  9.48  0.73
   30   58   71 0   5| A:..74_:[..G]G-*--U[..U]:..90_:A  1.33  0.61 11.75  9.69  2.55
   31   60   69 0   6| A:..76_:[..G]G----C[..C]:..88_:A  1.01  0.55 13.29  9.53  0.61
   32   61   68 0   7| A:..77_:[..G]G----C[..C]:..87_:A  1.18  1.01  3.06  9.10  1.71
   33   62   67 0   8| A:..78_:[..G]G-*--U[..U]:..86_:A  1.42  0.71  7.33  9.24  2.84
   34   63   66 9   9| A:..79_:[..G]G-*--C[..C]:..85_:A  2.02  1.60  4.26  8.91  5.21
   35   83  250 0   1| A:.107_:[..G]G----C[..C]:.310_:A  1.23  0.81 25.97  8.99  1.35
   36   84  249 0   2| A:.108_:[..U]U----A[..A]:.309_:A  1.37  1.15 21.42  9.44  2.17
   37   85  248 0   3| A:.109_:[..G]G-*--C[..C]:.308_:A  1.75  0.46 43.00  9.02  2.66
   38  226  247 0   4| A:.285_:[..G]G----C[..C]:.307_:A  1.51  0.69 25.94  9.75  1.38
   39  227  246 0   5| A:.286_:[..C]C----G[..G]:.306_:A  0.85  0.66 13.81  9.43  0.68
   40  228  245 0   6| A:.287_:[..C]C----G[..G]:.305_:A  1.07  0.26  3.19  9.46  0.09
   41  229  244 9   7| A:.288_:[..G]G----C[..C]:.304_:A  1.43  0.02 17.76  9.14 -0.04
   42   87  191 0   1| A:.116_:[..G]G-*--U[..U]:.235_:A  3.28  0.62 11.63  9.09  4.53
   43   88  190 0   2| A:.117_:[..C]C----G[..G]:.234_:A  0.40  0.26  6.79  9.37 -0.58
   44   89  189 0   3| A:.118_:[..G]G----C[..C]:.233_:A  0.34  0.03 12.85  9.29 -1.11
   45   91  187 0   4| A:.120_:[..G]G----C[..C]:.231_:A  1.25  0.55  3.43  9.29  0.84
   46   92  186 0   5| A:.121_:[..G]G----C[..C]:.230_:A  0.85  0.48 13.75  9.23  0.31
   47   93  185 0   6| A:.122_:[..G]G----C[..C]:.229_:A  0.32  0.08 15.40  9.42 -1.02
   48   94  184 0   7| A:.123_:[..U]U-*--G[..G]:.228_:A  1.62  1.08 37.56  9.84  3.78
   49   95  183 0   8| A:.126_:[..C]C----G[..G]:.227_:A  2.09  0.30 14.85  9.98  1.19
   50   96  182 9   9| A:.127_:[..C]C----G[..G]:.226_:A  1.76  1.31  1.26  9.16  2.89
   51   97  179 1   1| A:.131_:[..C]C-*--G[..G]:.223_:A  2.52  1.13 13.62  9.94  4.79
   52  100  176 0   1| A:.134_:[..G]G----C[..C]:.220_:A  0.81  0.61  4.92  9.49  0.53
   53  102  174 9   2| A:.136_:[..A]A----U[..U]:.218_:A  0.61  0.50 23.17  8.91  0.12
   54  105  135 0   1| A:.139_:[..G]G----C[..C]:.173_:A  1.17  0.33 14.55  9.52  0.33
   55  106  134 0   2| A:.140_:[..G]G----C[..C]:.172_:A  1.22  0.79 13.41  9.59  1.29
   56  107  133 0   3| A:.141_:[..G]G----C[..C]:.171_:A  0.91  0.78 13.72  9.24  0.96
   57  108  132 0   4| A:.142_:[..G]G----C[..C]:.170_:A  0.90  0.88 11.77  9.26  1.15
   58  109  131 9   5| A:.143_:[..G]G----C[..C]:.169_:A  0.19  0.16 11.45  9.09 -0.99
   59  114  129 0   1| A:.148_:[..C]C-*--G[..G]:.163_:A  2.32  1.71 16.14  9.65  5.74
   60  115  128 0   2| A:.149_:[..C]C----G[..G]:.162_:A  1.18  1.16  6.56  9.36  1.99
   61  116  127 0   3| A:.150_:[..C]C----G[..G]:.161_:A  0.92  0.62  2.57  9.41  0.67
   62  117  126 0   4| A:.151_:[..G]G----C[..C]:.160_:A  1.45  0.90  1.80  9.39  1.76
   63  118  125 0   5| A:.152_:[..G]G-*--U[..U]:.159_:A  1.27  1.21 13.04  8.89  3.68
   64  119  124 0   6| A:.153_:[..G]G----C[..C]:.158_:A  1.34  0.92 24.03  8.70  1.67
   65  120  123 9   7| A:.154_:[..G]G-*--A[..A]:.157_:A  7.76  0.29 49.92  8.08  8.34
   66  139  160 0   1| A:.179_:[..G]G----C[..C]:.200_:A  1.72  0.81 20.46  9.99  1.84
   67  140  159 0   2| A:.180_:[..A]A----U[..U]:.199_:A  1.09  0.52  9.54  8.87  0.63
   68  141  158 0   3| A:.181_:[..C]C-*--G[..G]:.198_:A  2.68  1.02  9.05  8.89  4.72
   69  143  156 0   4| A:.183_:[..C]C----G[..G]:.196_:A  1.00  0.46 18.00  9.46  0.41
   70  144  155 0   5| A:.184_:[..G]G-*--U[..U]:.195_:A  1.08  0.35 14.13  9.66  1.79
   71  146  153 0   6| A:.186_:[..C]C----G[..G]:.193_:A  1.43  0.84  3.18  9.37  1.60
   72  147  152 9   7| A:.187_:[..C]C-*--G[..G]:.192_:A  1.55  1.52 17.25  9.12  4.58
   73  161  171 0   1| A:.205_:[..G]G----C[..C]:.215_:A  1.44  0.98 13.85  9.24  1.90
   74  163  169 0   2| A:.207_:[..G]G----C[..C]:.213_:A  0.63  0.52  6.76  9.45  0.17
   75  164  168 9   3| A:.208_:[..C]C----G[..G]:.212_:A  1.77  0.69 18.58  9.13  1.64
   76  196  219 0   1| A:.244_:[..C]C----G[..G]:.272_:A  0.59  0.33 22.00  9.15 -0.26
   77  197  218 0   2| A:.245_:[..U]U-*--G[..G]:.271_:A  1.33  1.31 23.38  9.21  3.94
   78  198  217 9   3| A:.248_:[..U]U----A[..A]:.270_:A  2.36  0.44 29.11  9.34  1.75
   79  201  214 0   1| A:.251_:[..G]G----C[..C]:.267_:A  0.77  0.56 16.99  9.31  0.39
   80  202  213 0   2| A:.252_:[..U]U----A[..A]:.266_:A  0.63  0.25  8.54  9.27 -0.37
   81  203  212 0   3| A:.253_:[..G]G----C[..C]:.265_:A  0.79  0.47  4.44  9.38  0.23
   82  204  211 0   4| A:.254_:[..G]G----C[..C]:.264_:A  0.41  0.36 24.16  9.03 -0.37
   83  206  209 9   5| A:.256_:[..G]G-*--G[..G]:.262_:A  7.34  0.64 28.25 11.31  8.62
   84  231  240 0   1| A:.290_:[..U]U----A[..A]:.299_:A  1.37  0.70 14.71  9.73  1.27
   85  233  238 9   2| A:.292_:[..U]U-*--G[..G]:.297_:A  2.09  1.44 34.69  9.11  4.97
   86  251  271 0   1| A:.312_:[..G]G----C[..C]:.333_:A  0.72  0.70  6.55  9.31  0.62
   87  252  270 0   2| A:.313_:[..G]G----C[..C]:.332_:A  0.72  0.64 12.91  9.16  0.49
   88  253  269 0   3| A:.314_:[..G]G----C[..C]:.331_:A  0.56  0.43  6.29  9.25 -0.08
   89  254  268 0   4| A:.315_:[..G]G----C[..C]:.330_:A  0.56  0.26 10.92  9.44 -0.42
   90  256  266 0   5| A:.317_:[..A]A-*--G[..G]:.328_:A  2.01  0.05 15.63 10.88  2.11
   91  258  264 9   6| A:.319_:[..U]U-*--C[..C]:.326_:A  3.46  0.56 50.48  8.58  4.57
   92  274  280 0   1| A:.336_:[..U]U----A[..A]:.345_:A  1.53  0.56 23.83  9.32  1.16
   93  275  279 0   2| A:.337_:[..C]C----G[..G]:.344_:A  1.82  0.52 15.48  9.79  1.37
   94  277  278 9   3| A:.339_:[..U]U-*--G[..G]:.343_:A  1.40  0.33 49.60  7.83  2.06
   95  299  315 0   1| A:.366_:[..C]C-*--G[..G]:.387_:A  3.65  1.58 11.82 10.23  6.81
   96  300  314 0   2| A:.367_:[..G]G-*--C[..C]:.386_:A  3.19  1.50 18.37  9.84  6.18
   97  303  313 0   3| A:.370_:[..A]A-*--G[..G]:.384_:A  2.59  1.70 61.65 10.94  5.99
   98  305  312 0   4| A:.372_:[..G]G-*--U[..U]:.383_:A  1.83  1.12 14.23  9.45  4.08
   99  307  311 9   5| A:.374_:[..G]G-*--C[..C]:.382_:A  2.10  1.81 23.29  8.50  5.73
  100  329  353 0   1| A:.402_:[..G]G----C[..C]:.432_:A  1.39  1.28 12.54  8.88  2.45
  101  330  352 0   2| A:.403_:[..G]G----C[..C]:.431_:A  1.43  0.66  5.56  9.03  1.25
  102  331  351 0   3| A:.404_:[..A]A----U[..U]:.430_:A  0.97  0.94 14.48  9.03  1.36
  103  332  350 0   4| A:.405_:[..G]G----C[..C]:.429_:A  1.18  0.97 18.47  8.98  1.61
  104  333  349 9   5| A:.406_:[..G]G-*--A[..A]:.428_:A  8.11  0.32  9.59  8.88  8.74
  105  337  346 0   1| A:.413_:[..C]C----G[..G]:.422_:A  1.88  0.79 25.56  9.70  1.96
  106  339  344 9   2| A:.415_:[..C]C----G[..G]:.420_:A  1.14  0.37 17.81  9.28  0.37
  107  363  389 1   1| A:.442_:[..G]G-*--A[..A]:.472_:A  6.11  2.32 56.62  9.35 10.76
  108  366  385 0   1| A:.446_:[..A]A-**-U[..U]:.465_:A  2.48  1.94 46.66  7.90  6.37
  109  386  388 9   2| A:.466_:[..G]G-**-C[..C]:.468_:A  5.29  0.77 60.56  8.66  6.82
  110  370  383 0   1| A:.450_:[..C]C-*--A[..A]:.463_:A  2.68  1.15 17.10  8.71  4.99
  111  371  382 0   2| A:.451_:[..C]C----G[..G]:.462_:A  2.32  1.29 10.79  9.45  3.40
  112  372  381 0   3| A:.452_:[..C]C-*--G[..G]:.461_:A  2.19  1.89  5.32  8.98  5.98
  113  373  380 9   4| A:.453_:[..C]C-*--G[..G]:.460_:A  1.81  1.63 14.57  8.55  5.07
  114  397  432 0   1| A:.484_:[..G]G-*--C[..C]:.529_:A  3.19  0.10 10.76  9.39  3.40
  115  399  430 0   2| A:.486_:[..G]G----C[..C]:.527_:A  1.37  0.53 18.98  9.45  0.92
  116  400  429 9   3| A:.487_:[..C]C-*--G[..G]:.526_:A  3.16  0.14 32.03 10.12  3.45
  117  402  418 0   1| A:.489_:[..G]G-*--C[..C]:.510_:A  3.05  2.21 22.70  8.56  7.47
  118  403  417 0   2| A:.490_:[..G]G-*--C[..C]:.509_:A  3.57  0.69 11.19  9.33  4.94
  119  404  416 9   3| A:.491_:[..C]C----G[..G]:.508_:A  1.03  0.53 11.08  9.29  0.59
  120  406  427 0   1| A:.496_:[..U]U-*--G[..G]:.524_:A  2.34  1.76 34.73  7.88  5.85
  121  407  425 0   2| A:.497_:[..C]C----G[..G]:.522_:A  1.22  0.74  1.86  9.24  1.19
  122  408  424 9   3| A:.498_:[..C]C----G[..G]:.521_:A  1.24  1.03 28.79  8.87  1.81
  123  413  421 1   1| A:.504_:[..A]A-*--G[..G]:.513_:A  4.40  2.26 39.25 10.26  8.91
  124  443  705 0   1| A:.552_:[..G]G----C[..C]:.860_:A  0.53  0.14 23.77  9.46 -0.69
  125  444  704 9   2| A:.553_:[..C]C----G[..G]:.859_:A  1.47  0.08 29.30  9.10  0.14
  126  446  447 1   1| A:.555_:[..U]U-**-A[..A]:.556_:A  6.00  1.60 55.32  6.26  9.20
  127  449  626 0   1| A:.561_:[..G]G-*--C[..C]:.748_:A  2.86  1.96 21.91  8.24  6.78
  128  451  624 0   2| A:.563_:[..G]G----C[..C]:.746_:A  0.95  0.60 12.14  9.30  0.65
  129  452  623 0   3| A:.564_:[..U]U-*--G[..G]:.745_:A  0.59  0.30 28.73  9.08  1.18
  130  453  622 0   4| A:.565_:[..G]G-*--G[..G]:.744_:A  8.23  0.31 40.20  9.03  8.86
  131  455  620 0   5| A:.567_:[..A]A-*--G[..G]:.742_:A  7.66  0.64 39.37  8.68  8.93
  132  457  618 0   6| A:.569_:[..G]G----C[..C]:.740_:A  1.59  0.54  3.54  9.79  1.18
  133  458  617 9   7| A:.570_:[..C]C----G[..G]:.739_:A  1.56  0.01 27.19  9.07  0.09
  134  519  464 0   1| A:.631_:[..C]C----G[..G]:.576_:A  1.07  0.37  3.94  9.64  0.32
  135  521  462 0   2| A:.633_:[..G]G----C[..C]:.574_:A  1.31  0.40 11.71  9.46  0.60
  136  522  461 0   3| A:.634_:[..G]G----C[..C]:.573_:A  1.51  1.47 26.13  9.20  2.95
  137  523  460 0   4| A:.635_:[..C]C----G[..G]:.572_:A  1.52  0.26 18.59  8.58  0.53
  138  526  616 0   5| A:.638_:[..G]G-*--G[..G]:.736_:A  7.15  0.83 12.17  9.88  8.80
  139  528  614 0   6| A:.640_:[..C]C----G[..G]:.734_:A  0.47  0.24 23.86  9.29 -0.54
  140  529  613 0   7| A:.641_:[..G]G-*--C[..C]:.733_:A  3.21  2.15 44.70  9.62  7.52
  141  531  610 0   8| A:.643_:[..U]U----A[..A]:.730_:A  0.82  0.62 29.38  9.27  0.56
  142  533  608 0   9| A:.645_:[..G]G----C[..C]:.728_:A  0.38  0.35 14.07  9.27 -0.42
  143  535  606 0  10| A:.647_:[..A]A-*--G[..G]:.726_:A  2.11  0.72  8.02 11.14  3.56
  144  536  605 0  11| A:.648_:[..G]G-*--G[..G]:.725_:A  2.38  0.39  7.09 11.42  3.16
  145  538  604 0  12| A:.650_:[..G]G-*--U[..U]:.724_:A  3.96  1.03 14.09  8.94  6.02
  146  539  603 0  13| A:.651_:[..G]G----C[..C]:.723_:A  1.52  1.42 22.42  9.13  2.86
  147  540  602 0  14| A:.652_:[..G]G----C[..C]:.722_:A  1.29  0.77 17.88  9.34  1.32
  148  542  600 0  15| A:.654_:[..G]G----C[..C]:.720_:A  0.81  0.58 13.36  9.49  0.47
  149  543  599 0  16| A:.655_:[..G]G----C[..C]:.719_:A  0.68  0.20 23.11  9.20 -0.41
  150  544  598 0  17| A:.656_:[..U]U-*--G[..G]:.718_:A  2.53  0.18 27.15  8.83  2.90
  151  545  582 0  18| A:.657_:[..G]G-*--C[..C]:.701_:A  0.58  0.19 53.38  9.33  0.96
  152  546  581 0  19| A:.658_:[..G]G-*--A[..A]:.700_:A  1.92  0.57 27.08 10.70  3.06
  153  547  580 0  20| A:.659_:[..A]A-*--A[..A]:.699_:A  3.54  1.33 32.98 11.24  6.20
  154  548  579 0  21| A:.660_:[..A]A-*--G[..G]:.698_:A  1.79  0.44 21.81 10.86  2.67
  155  550  577 0  22| A:.662_:[..U]U----A[..A]:.696_:A  0.83  0.67 13.12  9.17  0.66
  156  551  576 0  23| A:.663_:[..C]C----G[..G]:.695_:A  0.87  0.86 16.58  8.87  1.10
  157  552  575 9  24| A:.664_:[..C]C----G[..G]:.694_:A  0.91  0.12  6.52  9.27 -0.34
  158  468  516 0   1| A:.580_:[..C]C----G[..G]:.628_:A  1.13  0.88 30.34  9.01  1.39
  159  469  515 0   2| A:.581_:[..G]G----C[..C]:.627_:A  1.15  0.65 22.94  9.54  0.94
  160  470  512 0   3| A:.582_:[..U]U-*--A[..A]:.624_:A  2.53  1.41 30.97  9.50  5.35
  161  472  510 0   4| A:.584_:[..C]C----G[..G]:.622_:A  1.09  0.80  3.53  9.50  1.20
  162  473  509 0   5| A:.585_:[..C]C----G[..G]:.621_:A  1.02  0.83  7.40  9.47  1.18
  163  474  508 0   6| A:.586_:[..A]A----U[..U]:.620_:A  0.62  0.01  9.45  9.21 -0.87
  164  475  507 0   7| A:.587_:[..U]U-*--G[..G]:.619_:A  0.73  0.07  7.49  9.50  0.88
  165  476  506 0   8| A:.588_:[..G]G----C[..C]:.618_:A  1.06  0.20 11.38  9.74 -0.04
  166  478  504 9   9| A:.590_:[..G]G-*--A[..A]:.616_:A  2.27  1.95 28.53  9.81  6.18
  167  483  501 0   1| A:.595_:[..A]A-*--G[..G]:.613_:A  1.68  0.28 44.73 10.72  2.25
  168  485  499 0   2| A:.597_:[..C]C----G[..G]:.611_:A  0.44  0.18  7.26  9.32 -0.70
  169  486  498 0   3| A:.598_:[..A]A----U[..U]:.610_:A  0.58  0.44  4.84  9.31 -0.04
  170  487  497 0   4| A:.599_:[..C]C----G[..G]:.609_:A  0.67  0.43 13.36  9.40  0.03
  171  488  496 0   5| A:.600_:[..G]G----C[..C]:.608_:A  0.57  0.12 20.69  9.50 -0.70
  172  489  495 0   6| A:.601_:[..G]G----C[..C]:.607_:A  1.61  0.43 20.68  9.52  0.97
  173  490  493 9   7| A:.602_:[..C]C-**-A[..A]:.605_:A  3.88  0.43 23.21  7.64  4.73
  174  537  588 0   1| A:.649_:[..A]A-**-G[..G]:.708_:A  3.81  0.59 14.70  9.70  4.99
  175  590  595 0   2| A:.710_:[..C]C----G[..G]:.715_:A  1.44  0.38 10.27  9.25  0.69
  176  591  594 9   3| A:.711_:[..G]G-*--G[..G]:.714_:A  9.18  0.87 26.44  8.49 10.92
  177  555  572 1   1| A:.667_:[..G]G-*--C[..C]:.691_:A  2.69  1.74 17.63  9.63  6.18
  178  562  569 0   1| A:.674_:[..G]G-*--U[..U]:.681_:A  1.94  1.29 35.79  9.79  4.52
  179  563  568 9   2| A:.675_:[..G]G-*--A[..A]:.680_:A  7.70  0.11 11.68  9.50  7.93
  180  629  660 0   1| A:.754_:[..C]C----G[..G]:.793_:A  1.63  1.00 11.49  9.62  2.14
  181  630  659 9   2| A:.755_:[..G]G----C[..C]:.792_:A  0.50  0.34 10.04  9.27 -0.32
  182  634  656 1   1| A:.759_:[..G]G----C[..C]:.789_:A  1.81  0.16 29.98  9.04  0.62
  183  635  655 0   1| A:.762_:[..G]G-*--U[..U]:.788_:A  1.31  0.04 25.95  8.71  1.39
  184  636  654 9   2| A:.763_:[..C]C----G[..G]:.787_:A  0.52  0.24 24.97  9.44 -0.49
  185  639  652 0   1| A:.766_:[..A]A----U[..U]:.785_:A  2.35  1.11 17.23  9.50  3.08
  186  640  651 0   2| A:.767_:[..C]C-*--G[..G]:.784_:A  3.56  1.56 23.21  8.46  6.69
  187  641  649 0   3| A:.768_:[..C]C----G[..G]:.782_:A  1.22  0.70  5.79  9.20  1.12
  188  642  648 0   4| A:.769_:[..G]G----C[..C]:.781_:A  1.06  0.39 17.59  9.36  0.34
  189  643  647 9   5| A:.770_:[..G]G----C[..C]:.780_:A  1.34  1.26 31.15  9.37  2.37
  190  668  703 0   1| A:.807_:[..G]G-*--C[..C]:.855_:A  3.64  0.11 24.01  9.77  3.86
  191  669  702 0   2| A:.808_:[..C]C----G[..G]:.854_:A  1.07  0.09  5.71  9.13 -0.24
  192  670  701 0   3| A:.809_:[..G]G----C[..C]:.853_:A  0.79  0.46  0.53  9.48  0.20
  193  672  699 9   4| A:.811_:[..U]U-*--A[..A]:.851_:A  2.22  0.62 62.34  9.27  3.47
  194  673  691 0   1| A:.814_:[..G]G----C[..C]:.834_:A  1.25  0.58  8.33  9.63  0.91
  195  674  690 0   2| A:.815_:[..U]U-*--G[..G]:.833_:A  1.27  0.99  8.88  9.68  3.25
  196  675  689 0   3| A:.816_:[..C]C----G[..G]:.832_:A  1.21  0.97  9.68  9.54  1.65
  197  676  688 0   4| A:.817_:[..U]U-*--G[..G]:.831_:A  1.45  1.29 14.20  9.40  4.03
  198  677  687 0   5| A:.818_:[..C]C----G[..G]:.830_:A  2.25  1.16 11.60  8.91  3.07
  199  678  686 0   6| A:.819_:[..U]U-*--G[..G]:.829_:A  1.42  1.02 10.07  9.44  3.46
  200  679  685 0   7| A:.820_:[..G]G-*--U[..U]:.828_:A  1.73  1.09 11.45  9.17  3.91
  201  680  684 0   8| A:.821_:[..G]G----C[..C]:.827_:A  0.95  0.89  2.58  9.16  1.22
  202  681  683 9   9| A:.822_:[..G]G----C[..C]:.826_:A  0.52  0.29 25.94  8.95 -0.41
  203  710  716 0   1| A:.872_:[..G]G-*--U[..U]:.883_:A  1.79  1.05  5.66  8.52  3.89
  204  711  715 9   2| A:.873_:[..G]G----C[..C]:.882_:A  1.53  0.41 14.11  9.24  0.85
  205  731 1063 0   1| A:.899_:[..U]U-*--A[..A]:1375_:A  2.20  0.29 48.74 10.38  2.79
  206  732 1062 0   2| A:.900_:[..G]G----C[..C]:1374_:A  1.23  0.40 29.31 10.12  0.53
  207  733 1060 0   3| A:.901_:[..A]A----U[..U]:1372_:A  1.71  0.71 15.97  9.27  1.62
  208  734 1059 0   4| A:.902_:[..C]C----G[..G]:1371_:A  1.38  0.54 13.58  9.36  0.97
  209  736 1057 0   5| A:.905_:[..G]G-*--U[..U]:1369_:A  1.94  0.98 13.37  9.14  3.91
  210  738 1055 0   6| A:.907_:[..G]G----C[..C]:1367_:A  1.83  0.76  6.26  9.75  1.86
  211  739 1054 0   7| A:.908_:[..C]C----G[..G]:1366_:A  1.21  0.45  9.78  9.71  0.61
  212  741 1053 0   8| A:.910_:[..C]C-*--G[..G]:1365_:A  2.29  2.10  6.90  8.91  6.49
  213  742 1051 9   9| A:.911_:[..G]G-*--C[..C]:1363_:A  3.06  0.87 28.80 10.47  4.79
  214  744 1027 0   1| A:.917_:[..G]G----C[..C]:1322_:A  1.32  0.71  1.16  9.47  1.24
  215  745 1026 9   2| A:.918_:[..C]C----G[..G]:1321_:A  1.00  0.24  2.58  9.62 -0.02
  216  749  955 0   1| A:.923_:[..G]G-*--A[..A]:1216_:A  3.69  1.18 19.12 10.53  6.06
  217  751  953 0   2| A:.925_:[..G]G----C[..C]:1214_:A  1.24  0.41 11.11  9.45  0.56
  218  752  952 0   3| A:.926_:[..C]C----G[..G]:1213_:A  0.68  0.43 14.75  9.29  0.04
  219  753  951 0   4| A:.927_:[..A]A----U[..U]:1212_:A  0.51  0.37  8.22  9.25 -0.25
  220  754  950 0   5| A:.928_:[..U]U-*--G[..G]:1211_:A  0.51  0.48  9.56  9.14  1.46
  221  755  949 0   6| A:.929_:[..G]G----C[..C]:1210_:A  0.33  0.26 10.08  9.08 -0.65
  222  756  948 0   7| A:.930_:[..U]U----A[..A]:1209_:A  1.81  0.44 12.43  9.43  1.18
  223  757  947 9   8| A:.931_:[..G]G----C[..C]:1208_:A  1.23  1.03  8.17  9.31  1.79
  224  764  766 1   1| A:.941_:[..G]G-*--G[..G]:.951_:A  3.04  1.88 39.21 10.22  6.79
  225  771  946 1   1| A:.962_:[..C]C-*--G[..G]:1201_:A  2.89  1.41 52.60  9.32  5.71
  226  774  943 0   1| A:.965_:[..G]G----C[..C]:1198_:A  0.70  0.14  6.74  9.29 -0.53
  227  775  942 0   2| A:.966_:[..G]G----C[..C]:1197_:A  1.49  1.20  7.96  9.25  2.40
  228  776  941 9   3| A:.967_:[..C]C----G[..G]:1196_:A  2.15  1.42 19.52  9.14  3.49
  229  782  818 0   1| A:.979_:[..A]A----U[..U]:1021_:A  0.66  0.44 15.79  9.26  0.05
  230  783  817 0   2| A:.980_:[..G]G----C[..C]:1020_:A  0.89  0.49  3.61  9.37  0.36
  231  784  816 9   3| A:.981_:[..G]G----C[..C]:1019_:A  0.94  0.81 16.76  9.48  1.06
  232  786  800 0   1| A:.985_:[..C]C-*--G[..G]:1002_:A  2.38  1.64  7.51  9.28  5.65
  233  787  799 0   2| A:.986_:[..C]C----G[..G]:1001_:A  1.51  1.36 11.00  9.48  2.74
  234  788  798 0   3| A:.987_:[..C]C----G[..G]:1000_:A  0.92  0.84  3.34  9.49  1.10
  235  789  797 0   4| A:.988_:[..G]G-*--U[..U]:.999_:A  2.09  1.24  4.40  9.76  4.57
  236  790  796 9   5| A:.989_:[..G]G----C[..C]:.998_:A  1.22  0.92  8.45  9.44  1.56
  237  801  814 0   1| A:1004_:[..U]U-*--G[..G]:1017_:A  1.62  1.04 13.44  9.55  3.69
  238  802  813 0   2| A:1005_:[..G]G-*--A[..A]:1016_:A  2.33  2.20 19.90  9.82  6.73
  239  804  812 9   3| A:1007_:[..C]C-*--G[..G]:1015_:A  3.56  1.98 26.47  9.63  7.53
  240  826  939 1   1| A:1031_:[..G]G-*--C[..C]:1189_:A  2.85  1.71 29.95  7.63  6.28
  241  830  928 0   1| A:1041_:[..C]C-*--G[..G]:1178_:A  2.94  2.36 33.26  9.54  7.65
  242  831  927 9   2| A:1042_:[..G]G-*--G[..G]:1177_:A  4.31  2.42 27.80 10.39  9.14
  243  835  862 0   1| A:1049_:[..G]G----C[..C]:1088_:A  1.18  0.70 17.66  9.25  1.07
  244  836  861 9   2| A:1050_:[..C]C----G[..G]:1087_:A  0.50  0.38  9.64  9.39 -0.25
  245  839  858 0   1| A:1053_:[..G]G----C[..C]:1084_:A  1.11  0.77  7.83  9.47  1.16
  246  841  846 0   2| A:1055_:[..G]G-*--U[..U]:1064_:A  0.58  0.14  8.69  9.40  0.86
  247  842  845 0   3| A:1056_:[..C]C----G[..G]:1063_:A  0.43  0.10  9.27  9.54 -0.87
  248  843  844 9   4| A:1057_:[..C]C----G[..G]:1062_:A  1.49  0.08  8.69  8.87  0.16
  249  848  855 0   1| A:1068_:[..G]G----C[..C]:1079_:A  0.84  0.74 11.80  9.62  0.83
  250  849  854 0   2| A:1069_:[..G]G----C[..C]:1078_:A  0.59  0.58 13.70  9.23  0.25
  251  850  853 9   3| A:1070_:[..G]G----C[..C]:1077_:A  1.19  0.96 23.57  8.62  1.61
  252  863  919 0   1| A:1094_:[..C]C----G[..G]:1167_:A  2.06  1.04 19.31  9.56  2.64
  253  864  918 0   2| A:1095_:[..C]C----G[..G]:1166_:A  1.61  1.22  7.05  9.30  2.55
  254  865  917 0   3| A:1096_:[..C]C----G[..G]:1165_:A  1.29  1.20  4.97  8.90  2.20
  255  866  916 9   4| A:1097_:[..C]C----G[..G]:1164_:A  1.37  1.25 10.50  9.03  2.37
  256  868  894 0   1| A:1099_:[..C]C-*--G[..G]:1136_:A  1.82  1.52 21.06  9.51  4.86
  257  869  893 0   2| A:1100_:[..C]C----G[..G]:1135_:A  0.88  0.55  8.64  9.47  0.48
  258  870  892 0   3| A:1101_:[..G]G----C[..C]:1134_:A  0.60  0.56  6.45  9.36  0.22
  259  871  891 0   4| A:1102_:[..U]U----A[..A]:1133_:A  1.04  1.04 13.06  9.04  1.61
  260  872  890 0   5| A:1103_:[..U]U----A[..A]:1132_:A  0.63  0.50  3.07  9.21  0.13
  261  873  889 9   6| A:1104_:[..A]A----U[..U]:1131_:A  0.58  0.19 13.15  9.46 -0.54
  262  874  885 0   1| A:1109_:[..C]C----G[..G]:1125_:A  0.73  0.66 28.43  9.32  0.54
  263  875  884 0   2| A:1110_:[..C]C-*--G[..G]:1124_:A  1.64  1.56 15.59  9.74  4.76
  264  878  883 0   3| A:1113_:[..C]C----G[..G]:1123_:A  1.84  1.33  7.71  9.89  2.99
  265  880  881 9   4| A:1115_:[..G]G----C[..C]:1121_:A  0.81  0.17  5.85  9.59 -0.34
  266  896  912 1   1| A:1141_:[..G]G-*--G[..G]:1157_:A  3.78  2.24 40.39 10.85  8.27
  267  898  909 0   1| A:1143_:[..C]C----G[..G]:1154_:A  1.21  0.77  3.95  9.70  1.25
  268  900  907 0   2| A:1145_:[..G]G----C[..C]:1152_:A  0.75  0.71  3.10  9.37  0.67
  269  901  906 9   3| A:1146_:[..C]C----G[..G]:1151_:A  1.61  0.20 24.87  8.74  0.51
  270  957  995 0   1| A:1221_:[..G]G----C[..C]:1274_:A  1.49  0.36 12.21  9.29  0.71
  271  958  994 0   2| A:1222_:[..C]C----G[..G]:1273_:A  0.45  0.33 12.90  9.32 -0.39
  272  959  993 9   3| A:1223_:[..C]C----G[..G]:1272_:A  0.56  0.31 11.86  9.46 -0.32
  273  969  986 0   1| A:1237_:[..C]C----G[..G]:1254_:A  1.71  1.30 13.18  9.80  2.81
  274  971  985 0   2| A:1239_:[..A]A-*--A[..A]:1253_:A  6.55  2.27 24.52  9.03 11.09
  275  972  984 0   3| A:1240_:[..C]C----G[..G]:1252_:A  1.27  1.09 14.25  9.31  1.96
  276  973  983 0   4| A:1241_:[..C]C-*--G[..G]:1251_:A  3.95  2.39 21.90  8.83  8.73
  277  974  982 0   5| A:1242_:[..C]C-*--G[..G]:1250_:A  1.96  1.93 15.45  8.49  5.82
  278  975  980 9   6| A:1243_:[..G]G----C[..C]:1248_:A  1.45  1.01  8.85  9.69  1.96
  279 1002 1017 0   1| A:1287_:[..G]G----C[..C]:1306_:A  1.42  0.90  8.53  9.50  1.72
  280 1003 1016 0   2| A:1288_:[..G]G----C[..C]:1305_:A  1.27  1.09  4.65  9.15  1.95
  281 1005 1014 0   3| A:1290_:[..G]G----C[..C]:1303_:A  1.44  1.34  2.76  9.48  2.61
  282 1006 1013 0   4| A:1291_:[..U]U----A[..A]:1302_:A  1.09  1.02 12.10  8.92  1.64
  283 1007 1012 0   5| A:1292_:[..C]C----G[..G]:1301_:A  0.81  0.05 24.78  9.09 -0.60
  284 1008 1011 9   6| A:1293_:[..U]U-**-A[..A]:1297_:A  2.73  0.53 39.75  8.35  3.78
  285 1029 1047 1   1| A:1326_:[..U]U-**-A[..A]:1353_:A  4.92  2.48 57.00  7.43  9.88
  286 1032 1044 1   1| A:1329_:[..U]U-*--G[..G]:1350_:A  0.44  0.05 11.47  9.15  0.54
  287 1035 1041 0   1| A:1332_:[..C]C----G[..G]:1347_:A  0.94  0.64 15.75  9.23  0.73
  288 1036 1040 0   2| A:1333_:[..G]G----C[..C]:1346_:A  1.33  0.05 16.30  9.35 -0.08
  289 1037 1039 9   3| A:1334_:[..G]G----C[..C]:1345_:A  0.57  0.14 25.52  9.12 -0.64
  290 1069 1145 1   1| A:1384_:[..G]G----C[..C]:1470_:A  1.21  0.01 12.28  9.63 -0.28
  291 1077 1136 1   1| A:1392_:[..A]A-*--G[..G]:1461_:A  2.44  0.73  6.91 10.93  3.91
  292 1081 1133 0   1| A:1396_:[..G]G-*--C[..C]:1458_:A  2.82  1.81 17.35  9.29  6.44
  293 1082 1131 9   2| A:1397_:[..A]A-*--G[..G]:1456_:A  2.45  2.12 12.36 10.10  6.69
  294 1084 1129 0   1| A:1399_:[..C]C----G[..G]:1454_:A  1.00  0.19  4.01  9.62 -0.12
  295 1085 1128 0   2| A:1400_:[..G]G----C[..C]:1453_:A  0.96  0.57  7.15  9.67  0.59
  296 1086 1127 0   3| A:1401_:[..G]G----C[..C]:1452_:A  0.93  0.71  5.96  9.54  0.84
  297 1088 1125 0   4| A:1403_:[..C]C----G[..G]:1450_:A  1.40  1.24 15.31  9.48  2.38
  298 1089 1124 0   5| A:1404_:[..U]U-*--G[..G]:1449_:A  1.17  1.12  4.55  9.22  3.42
  299 1090 1123 0   6| A:1405_:[..C]C----G[..G]:1448_:A  1.07  1.03  1.44  9.23  1.62
  300 1091 1122 0   7| A:1406_:[..U]U----A[..A]:1447_:A  0.90  0.64  3.55  9.26  0.67
  301 1092 1121 0   8| A:1407_:[..A]A----U[..U]:1446_:A  0.59  0.43  5.71  9.22 -0.06
  302 1093 1120 0   9| A:1408_:[..C]C----G[..G]:1445_:A  0.62  0.51 15.23  9.24  0.13
  303 1094 1119 9  10| A:1409_:[..C]C----G[..G]:1444_:A  1.76  1.09 28.45  8.65  2.43
  304 1095 1116 0   1| A:1412_:[..A]A-*--G[..G]:1441_:A  6.75  1.42 62.65  8.51  9.58
  305 1097 1115 0   2| A:1414_:[..G]G----C[..C]:1440_:A  0.72  0.08 30.62  9.31 -0.61
  306 1099 1113 0   3| A:1416_:[..C]C----G[..G]:1438_:A  0.68  0.21  8.08  9.58 -0.39
  307 1100 1112 0   4| A:1417_:[..G]G----C[..C]:1437_:A  0.77  0.28  9.55  9.71 -0.16
  308 1102 1111 0   5| A:1419_:[..C]C-*--G[..G]:1436_:A  2.52  2.45 16.49  8.87  7.42
  309 1103 1109 0   6| A:1420_:[..G]G-*--A[..A]:1434_:A  6.98  0.79 57.70 10.12  8.57
  310 1104 1106 9   7| A:1426_:[..C]C----G[..G]:1431_:A  1.99  1.00 23.73  9.14  2.48
  311 1150 1171 0   1| A:1481_:[..A]A-*--U[..U]:1502_:A  2.62  0.21 22.86 10.05  3.04
  312 1151 1170 0   2| A:1482_:[..G]G----C[..C]:1501_:A  1.65  0.34 37.30  9.68  0.84
  313 1153 1168 0   3| A:1484_:[..U]U-*--G[..G]:1499_:A  1.00  0.75  9.23  9.40  2.50
  314 1154 1167 0   4| A:1485_:[..G]G----C[..C]:1498_:A  0.74  0.14 12.70  9.36 -0.48
  315 1155 1166 0   5| A:1486_:[..U]U-*--G[..G]:1497_:A  0.24  0.10 21.49  9.15  0.44
  316 1156 1165 0   6| A:1487_:[..A]A-*--U[..U]:1496_:A  3.55  0.12 19.96  9.34  3.79
  317 1157 1164 0   7| A:1488_:[..C]C----G[..G]:1495_:A  1.57  0.44 18.82  9.64  0.96
  318 1158 1163 9   8| A:1489_:[..C]C----G[..G]:1494_:A  0.68  0.61 12.75  9.18  0.40
##### Base-pair criteria used:   3.40 26.00  2.50 65.00  5.40  8.00
##### 124 non-Watson-Crick base-pairs, and 81 helices. 
##### Helix #1: 1 - 6  ***??????***
##### Helix #2: 7 - 8
##### Helix #3: 9 - 11  ***broken O3'[i] to P[i+1] linkage***
##### Helix #4: 12 - 12
##### Helix #5: 13 - 17
##### Helix #6: 18 - 19  ***??????***
##### Helix #7: 20 - 21  ***??????***
##### Helix #8: 22 - 23
##### Helix #9: 24 - 24
##### Helix #10: 25 - 25
##### Helix #11: 26 - 34  ***broken O3'[i] to P[i+1] linkage***
##### Helix #12: 35 - 41  ***broken O3'[i] to P[i+1] linkage***
##### Helix #13: 42 - 50  ***broken O3'[i] to P[i+1] linkage***
##### Helix #14: 51 - 51
##### Helix #15: 52 - 53  ***??????***
##### Helix #16: 54 - 58
##### Helix #17: 59 - 65
##### Helix #18: 66 - 72  ***broken O3'[i] to P[i+1] linkage***
##### Helix #19: 73 - 75  ***broken O3'[i] to P[i+1] linkage***
##### Helix #20: 76 - 78  ***broken O3'[i] to P[i+1] linkage***
##### Helix #21: 79 - 83  ***broken O3'[i] to P[i+1] linkage***
##### Helix #22: 84 - 85  ***??????***
##### Helix #23: 86 - 91  ***broken O3'[i] to P[i+1] linkage***
##### Helix #24: 92 - 94  ***broken O3'[i] to P[i+1] linkage***
##### Helix #25: 95 - 99  ***??????***
##### Helix #26: 100 - 104
##### Helix #27: 105 - 106  ***??????***
##### Helix #28: 107 - 107
##### Helix #29: 108 - 109  ***??????***
##### Helix #30: 110 - 113
##### Helix #31: 114 - 116  ***broken O3'[i] to P[i+1] linkage***
##### Helix #32: 117 - 119
##### Helix #33: 120 - 122  ***broken O3'[i] to P[i+1] linkage***
##### Helix #34: 123 - 123
##### Helix #35: 124 - 125
##### Helix #36: 126 - 126
##### Helix #37: 127 - 133  ***broken O3'[i] to P[i+1] linkage***
##### Helix #38: 134 - 157  ***broken O3'[i] to P[i+1] linkage***
##### Helix #39: 158 - 166  ***broken O3'[i] to P[i+1] linkage***
##### Helix #40: 167 - 173  ***broken O3'[i] to P[i+1] linkage***
##### Helix #41: 174 - 176  ***broken O3'[i] to P[i+1] linkage***
##### Helix #42: 177 - 177
##### Helix #43: 178 - 179
##### Helix #44: 180 - 181
##### Helix #45: 182 - 182
##### Helix #46: 183 - 184
##### Helix #47: 185 - 189  ***broken O3'[i] to P[i+1] linkage***
##### Helix #48: 190 - 193  ***broken O3'[i] to P[i+1] linkage***
##### Helix #49: 194 - 202
##### Helix #50: 203 - 204
##### Helix #51: 205 - 213  ***broken O3'[i] to P[i+1] linkage***
##### Helix #52: 214 - 215
##### Helix #53: 216 - 223  ***broken O3'[i] to P[i+1] linkage***
##### Helix #54: 224 - 224
##### Helix #55: 225 - 225
##### Helix #56: 226 - 228
##### Helix #57: 229 - 231
##### Helix #58: 232 - 236
##### Helix #59: 237 - 239  ***broken O3'[i] to P[i+1] linkage***
##### Helix #60: 240 - 240
##### Helix #61: 241 - 242
##### Helix #62: 243 - 244
##### Helix #63: 245 - 248  ***broken O3'[i] to P[i+1] linkage***
##### Helix #64: 249 - 251
##### Helix #65: 252 - 255
##### Helix #66: 256 - 261
##### Helix #67: 262 - 265  ***??????***
##### Helix #68: 266 - 266
##### Helix #69: 267 - 269  ***broken O3'[i] to P[i+1] linkage***
##### Helix #70: 270 - 272
##### Helix #71: 273 - 278  ***broken O3'[i] to P[i+1] linkage***
##### Helix #72: 279 - 284  ***broken O3'[i] to P[i+1] linkage***
##### Helix #73: 285 - 285
##### Helix #74: 286 - 286
##### Helix #75: 287 - 289
##### Helix #76: 290 - 290
##### Helix #77: 291 - 291
##### Helix #78: 292 - 293  ***??????***
##### Helix #79: 294 - 303  ***broken O3'[i] to P[i+1] linkage***
##### Helix #80: 304 - 310  ***??????***
##### Helix #81: 311 - 318  ***broken O3'[i] to P[i+1] linkage***
 (17 isolated bps)
