
 Number of groups -----------31-----------
BEGIN_base-pair
  552_575, A:   664 C-G   694 A: +/+ cis         XIX
  555_572, A:   667 G-C   691 A: W/W cis         n/a
  562_569, A:   674 G-U   681 A: W/W cis         XXVIII
  563_568, A:   675 G-A   680 A: S/H tran        XI
  590_595, A:   710 C-G   715 A: +/+ cis         XIX
Number of matching for the above pattern. =12:
0_0, ------
1007_1012, A:  1292 C-G  1301 A: +/+ cis         XIX
1008_1011, A:  1293 U-A  1297 A: W/H tran        XXIV
1029_1047, A:  1326 U-A  1353 A: W/H tran        XXIV
1032_1044, A:  1329 U-G  1350 A: W/W cis         XXVIII
1035_1041, A:  1332 C-G  1347 A: +/+ cis         XIX
Number of matching for the above pattern. =12:
0_0, ------
  972_984, A:  1240 C-G  1252 A: +/+ cis         XIX
  973_982, A:  1241 C-G  1250 A: W/W cis         n/a
  973_983, A:  1241 C-G  1251 A: W/W cis         n/a
  974_982, A:  1242 C-G  1250 A: W/W cis         n/a
  975_980, A:  1243 G-C  1248 A: +/+ cis         XIX
Number of matching for the above pattern. =12:
0_0, ------
  790_796, A:   989 G-C   998 A: +/+ cis         XIX
  790_797, A:   989 G-U   999 A: W/W cis         XXVIII
  791_796, A:   990 G-C   998 A: W/W cis         n/a
  801_814, A:  1004 U-G  1017 A: W/W cis         XXVIII
  802_813, A:  1005 G-A  1016 A: W/W cis         VIII
  803_813, A:  1006 C-A  1016 A: W/W cis         n/a
  804_812, A:  1007 C-G  1015 A: W/W cis         n/a
  826_939, A:  1031 G-C  1189 A: W/W cis         n/a
  831_927, A:  1042 G-G  1177 A: W/W cis         n/a
  835_862, A:  1049 G-C  1088 A: +/+ cis         XIX
Number of matching for the above pattern. =11:
0_0, ------
   44_283, A:    59 C-G   350 A: +/+ cis         XIX
    46_81, A:    62 G-C   100 A: W/W cis         n/a
    53_76, A:    69 G-A    95 A: W/W cis         VIII
    53_77, A:    69 G-G    96 A: W/W cis         n/a
    55_74, A:    71 G-U    93 A: W/W cis         XXVIII
    57_72, A:    73 C-G    91 A: W/W cis         n/a
    58_71, A:    74 G-U    90 A: W/W cis         XXVIII
    60_69, A:    76 G-C    88 A: +/+ cis         XIX
Number of matching for the above pattern. =11:
0_0, ------
  543_599, A:   655 G-C   719 A: +/+ cis         XIX
  544_598, A:   656 U-G   718 A: W/W cis         XXVIII
  545_582, A:   657 G-C   701 A: W/W cis         n/a
  546_581, A:   658 G-A   700 A: W/W cis         VIII
  547_581, A:   659 A-A   700 A: W/W cis         n/a
  548_579, A:   660 A-G   698 A: W/W cis         VIII
  550_577, A:   662 U-A   696 A: -/- cis         XX
Number of matching for the above pattern. =10:
0_0, ------
1037_1039, A:  1334 G-C  1345 A: +/+ cis         XIX
1069_1145, A:  1384 G-C  1470 A: W/W cis         n/a
1077_1136, A:  1392 A-G  1461 A: W/W cis         VIII
1082_1131, A:  1397 A-G  1456 A: W/W cis         VIII
1083_1131, A:  1398 G-G  1456 A: S/W cis         n/a
1084_1129, A:  1399 C-G  1454 A: +/+ cis         XIX
Number of matching for the above pattern. =10:
0_0, ------
  339_344, A:   415 C-G   420 A: +/+ cis         XIX
  370_383, A:   450 C-A   463 A: W/W cis         n/a
  373_379, A:   453 C-G   459 A: W/W cis         n/a
  373_380, A:   453 C-G   460 A: W/W cis         n/a
  397_432, A:   484 G-C   529 A: W/W cis         n/a
  399_430, A:   486 G-C   527 A: +/+ cis         XIX
Number of matching for the above pattern. =10:
0_0, ------
  533_608, A:   645 G-C   728 A: +/+ cis         XIX
  535_606, A:   647 A-G   726 A: W/W cis         VIII
  536_605, A:   648 G-G   725 A: W/W cis         n/a
  537_588, A:   649 A-G   708 A: H/W cis         IX
  538_604, A:   650 G-U   724 A: W/W cis         XXVIII
  539_603, A:   651 G-C   723 A: +/+ cis         XIX
Number of matching for the above pattern. =10:
0_0, ------
 734_1059, A:   902 C-G  1371 A: +/+ cis         XIX
 736_1057, A:   905 G-U  1369 A: W/W cis         XXVIII
 738_1056, A:   907 G-C  1368 A: W/W cis         n/a
 739_1054, A:   908 C-G  1366 A: W/W cis         n/a
 742_1051, A:   911 G-C  1363 A: W/W cis         n/a
 745_1026, A:   918 C-G  1321 A: +/+ cis         XIX
Number of matching for the above pattern. =9:
0_0, ------
  275_279, A:   337 C-G   344 A: +/+ cis         XIX
  277_278, A:   339 U-G   343 A: W/W cis         XXVIII
  294_295, A:   361 U-C   362 A: S/H cis         n/a
  295_318, A:   362 C-G   390 A: W/W cis         n/a
  299_315, A:   366 C-G   387 A: W/W cis         n/a
  300_301, A:   367 G-C   368 A: S/H cis         n/a
  300_314, A:   367 G-C   386 A: W/W cis         n/a
  302_314, A:   369 A-C   386 A: W/W cis         n/a
  306_312, A:   373 G-U   383 A: W/W cis         XXVIII
  307_311, A:   374 G-C   382 A: W/W cis         n/a
  321_433, A:   393 A-A   531 A: W/H cis         n/a
  329_353, A:   402 G-C   432 A: +/+ cis         XIX
Number of matching for the above pattern. =3:
0_0, ------
  474_508, A:   586 A-U   620 A: -/- cis         XX
  475_507, A:   587 U-G   619 A: W/W cis         XXVIII
  478_504, A:   590 G-A   616 A: W/W cis         VIII
  483_501, A:   595 A-G   613 A: W/W cis         VIII
  485_499, A:   597 C-G   611 A: +/+ cis         XIX
Number of matching for the above pattern. =2:
0_0, ------
  675_689, A:   816 C-G   832 A: +/+ cis         XIX
  675_690, A:   816 C-G   833 A: W/W cis         n/a
  676_688, A:   817 U-G   831 A: W/W cis         XXVIII
  676_689, A:   817 U-G   832 A: W/W cis         XXVIII
  677_687, A:   818 C-G   830 A: +/+ cis         XIX
Number of matching for the above pattern. =1:
0_0, ------
    61_68, A:    77 G-C    87 A: +/+ cis         XIX
    62_67, A:    78 G-U    86 A: W/W cis         XXVIII
    62_68, A:    78 G-C    87 A: W/W cis         n/a
    63_66, A:    79 G-C    85 A: W/W cis         n/a
    64_66, A:    80 U-C    85 A: W/W cis         XVIII
   83_250, A:   107 G-C   310 A: +/+ cis         XIX
Number of matching for the above pattern. =1:
0_0, ------
  451_624, A:   563 G-C   746 A: +/+ cis         XIX
  452_623, A:   564 U-G   745 A: W/W cis         XXVIII
  453_622, A:   565 G-G   744 A: S/H tran        n/a
  455_620, A:   567 A-G   742 A: H/S tran        XI
  457_618, A:   569 G-C   740 A: +/+ cis         XIX
Number of matching for the above pattern. =1:
0_0, ------
  119_124, A:   153 G-C   158 A: +/+ cis         XIX
  119_125, A:   153 G-U   159 A: W/W cis         XXVIII
  120_123, A:   154 G-A   157 A: S/H tran        XI
  139_160, A:   179 G-C   200 A: W/W cis         n/a
  140_159, A:   180 A-U   199 A: -/- cis         XX
Number of matching for the above pattern. =1:
0_0, ------
   34_322, A:    45 G-C   394 A: +/+ cis         XIX
   36_319, A:    47 G-C   391 A: W/W cis         n/a
   40_286, A:    55 C-G   353 A: S/W cis         n/a
   43_284, A:    58 G-C   351 A: W/W cis         n/a
   44_283, A:    59 C-G   350 A: +/+ cis         XIX
Number of matching for the above pattern. =1:
0_0, ------
1154_1167, A:  1485 G-C  1498 A: +/+ cis         XIX
1155_1166, A:  1486 U-G  1497 A: W/W cis         XXVIII
1156_1165, A:  1487 A-U  1496 A: W/W cis         n/a
1157_1164, A:  1488 C-G  1495 A: +/+ cis         XIX
Number of matching for the above pattern. =1:
0_0, ------
  959_993, A:  1223 C-G  1272 A: +/+ cis         XIX
 963_1035, A:  1230 A-C  1332 A: W/S tran        n/a
 964_1036, A:  1231 G-G  1333 A: W/S tran        n/a
  969_986, A:  1237 C-G  1254 A: +/+ cis         XIX
Number of matching for the above pattern. =1:
0_0, ------
  788_798, A:   987 C-G  1000 A: +/+ cis         XIX
  788_799, A:   987 C-G  1001 A: W/W cis         n/a
  789_797, A:   988 G-U   999 A: W/W cis         XXVIII
  790_796, A:   989 G-C   998 A: +/+ cis         XIX
Number of matching for the above pattern. =1:
0_0, ------
  711_715, A:   873 G-C   882 A: +/+ cis         XIX
 732_1062, A:   900 G-C  1374 A: W/W cis         n/a
 733_1060, A:   901 A-U  1372 A: W/W cis         n/a
 734_1059, A:   902 C-G  1371 A: +/+ cis         XIX
Number of matching for the above pattern. =1:
0_0, ------
  681_683, A:   822 G-C   826 A: +/+ cis         XIX
  681_684, A:   822 G-C   827 A: W/W cis         n/a
  710_716, A:   872 G-U   883 A: W/W cis         XXVIII
  711_715, A:   873 G-C   882 A: +/+ cis         XIX
Number of matching for the above pattern. =1:
0_0, ------
  677_687, A:   818 C-G   830 A: +/+ cis         XIX
  678_686, A:   819 U-G   829 A: W/W cis         XXVIII
  679_685, A:   820 G-U   828 A: W/W cis         XXVIII
  680_684, A:   821 G-C   827 A: +/+ cis         XIX
Number of matching for the above pattern. =1:
0_0, ------
  670_701, A:   809 G-C   853 A: +/+ cis         XIX
  672_699, A:   811 U-A   851 A: W/W cis         n/a
  673_691, A:   814 G-C   834 A: W/W cis         n/a
  675_689, A:   816 C-G   832 A: +/+ cis         XIX
Number of matching for the above pattern. =1:
0_0, ------
  643_647, A:   770 G-C   780 A: +/+ cis         XIX
  651_652, A:   784 G-U   785 A: S/H cis         n/a
  668_703, A:   807 G-C   855 A: W/W cis         n/a
  669_702, A:   808 C-G   854 A: +/+ cis         XIX
Number of matching for the above pattern. =1:
0_0, ------
  399_430, A:   486 G-C   527 A: +/+ cis         XIX
  400_429, A:   487 C-G   526 A: W/W cis         n/a
  403_417, A:   490 G-C   509 A: W/W cis         n/a
  404_416, A:   491 C-G   508 A: +/+ cis         XIX
Number of matching for the above pattern. =1:
0_0, ------
  146_153, A:   186 C-G   193 A: +/+ cis         XIX
  147_152, A:   187 C-G   192 A: W/W cis         n/a
  148_152, A:   188 C-G   192 A: W/W cis         n/a
  161_171, A:   205 G-C   215 A: +/+ cis         XIX
Number of matching for the above pattern. =1:
0_0, ------
  117_126, A:   151 G-C   160 A: +/+ cis         XIX
  118_125, A:   152 G-U   159 A: W/W cis         XXVIII
  118_126, A:   152 G-C   160 A: W/W cis         n/a
  119_124, A:   153 G-C   158 A: +/+ cis         XIX
Number of matching for the above pattern. =1:
0_0, ------
  109_131, A:   143 G-C   169 A: +/+ cis         XIX
  114_129, A:   148 C-G   163 A: W/W cis         n/a
  114_130, A:   148 C-C   164 A: W/W cis         n/a
  115_128, A:   149 C-G   162 A: +/+ cis         XIX
Number of matching for the above pattern. =1:
0_0, ------
   96_182, A:   127 C-G   226 A: +/+ cis         XIX
   97_179, A:   131 C-G   223 A: W/W cis         n/a
   98_179, A:   132 C-G   223 A: W/W cis         n/a
  100_176, A:   134 G-C   220 A: +/+ cis         XIX
Number of matching for the above pattern. =1:
0_0, ------
   84_249, A:   108 U-A   309 A: -/- cis         XX
   85_248, A:   109 G-C   308 A: W/W cis         n/a
   87_191, A:   116 G-U   235 A: W/W cis         XXVIII
   88_190, A:   117 C-G   234 A: +/+ cis         XIX
Number of matching for the above pattern. =1:
0_0, ------
   24_436, A:    35 C-G   534 A: +/+ cis         XIX
   27_433, A:    38 U-A   531 A: W/W cis         n/a
   27_434, A:    38 U-G   532 A: W/W cis         XXVIII
   30_326, A:    41 C-G   398 A: +/+ cis         XIX
Number of matching for the above pattern. =0:
0_0, ------
END_base-pair
